2026-03-22 13:06:13.536: [INFO] VisibilityChanged: 0
2026-03-22 13:06:13.663: [INFO] RecordSyncInitDuration has_sync_been_enabled: 0 state: 0
2026-03-22 13:06:13.665: [INFO] RecordSyncInitDuration has_sync_been_enabled: 0 state: 0
2026-03-22 13:06:13.667: [INFO] RecordSyncInitDuration has_sync_been_enabled: 0 state: 0
2026-03-22 13:06:13.669: [INFO] RecordSyncInitDuration has_sync_been_enabled: 0 state: 0
2026-03-22 13:06:13.671: [INFO] RecordSyncInitDuration has_sync_been_enabled: 0 state: 0
2026-03-22 13:06:13.674: [INFO] RecordSyncInitDuration has_sync_been_enabled: 0 state: 0
2026-03-22 13:06:13.676: [INFO] RecordSyncInitDuration has_sync_been_enabled: 0 state: 0
2026-03-22 13:06:13.678: [INFO] RecordSyncInitDuration has_sync_been_enabled: 0 state: 0
2026-03-22 13:06:13.680: [INFO] RecordSyncInitDuration has_sync_been_enabled: 0 state: 0
2026-03-22 13:06:13.682: [INFO] RecordSyncInitDuration has_sync_been_enabled: 0 state: 0
2026-03-22 13:06:13.684: [INFO] RecordSyncInitDuration has_sync_been_enabled: 0 state: 0
2026-03-22 13:06:13.686: [INFO] RecordSyncInitDuration has_sync_been_enabled: 0 state: 0
2026-03-22 13:06:13.724: [INFO] BookmarkModelLoaded, ids_reassigned: 0
2026-03-22 13:06:13.724: [INFO] OnDoneLoading sync enabled: 0
2026-03-22 13:06:13.729: [INFO] RecordSyncInitDuration has_sync_been_enabled: 0 state: 0
2026-03-22 13:06:17.402: [INFO] RecordSyncInitDuration has_sync_been_enabled: 0 state: 3
2026-03-22 13:06:17.408: [INFO] Primary account changed.
2026-03-22 13:06:17.408: [INFO] OnPrimaryAccountChanged PrimaryAccountChangeEvent::Type::kSet
2026-03-22 13:06:17.414: [INFO] RecordSyncInitDuration has_sync_been_enabled: 0 state: 3
2026-03-22 13:06:17.456: [INFO] RecordSyncInitDuration has_sync_been_enabled: 0 state: 3
2026-03-22 13:06:21.045: [INFO] Sync initialization duration: 3264ms
2026-03-23 02:30:28.866: [INFO] VisibilityChanged: 0
2026-03-23 02:30:28.924: [INFO] BookmarkModelLoaded, ids_reassigned: 0
2026-03-23 02:30:28.924: [INFO] OnDoneLoading sync enabled: 1
2026-03-23 02:30:36.175: [INFO] Sync initialization duration: 947ms
2026-03-23 02:57:17.892: [INFO] VisibilityChanged: 0
2026-03-23 02:57:17.952: [INFO] BookmarkModelLoaded, ids_reassigned: 0
2026-03-23 02:57:17.952: [INFO] OnDoneLoading sync enabled: 0
2026-03-23 02:57:19.605: [INFO] Primary account changed.
2026-03-23 02:57:19.605: [INFO] OnPrimaryAccountChanged PrimaryAccountChangeEvent::Type::kSet
2026-03-23 02:57:23.529: [INFO] Sync initialization duration: 5575ms
2026-03-23 03:10:46.226: [INFO] VisibilityChanged: 0
2026-03-23 03:10:46.285: [INFO] BookmarkModelLoaded, ids_reassigned: 0
2026-03-23 03:10:46.285: [INFO] OnDoneLoading sync enabled: 1
2026-03-23 03:10:57.452: [INFO] Sync initialization duration: 1244ms
2026-03-23 03:24:17.079: [INFO] VisibilityChanged: 0
2026-03-23 03:24:17.144: [INFO] BookmarkModelLoaded, ids_reassigned: 0
2026-03-23 03:24:17.144: [INFO] OnDoneLoading sync enabled: 0
2026-03-23 03:24:18.949: [INFO] Primary account changed.
2026-03-23 03:24:18.949: [INFO] OnPrimaryAccountChanged PrimaryAccountChangeEvent::Type::kSet
2026-03-23 03:24:32.881: [INFO] Sync initialization duration: 15733ms
2026-03-23 04:26:36.216: [INFO] VisibilityChanged: 0
2026-03-23 04:26:36.299: [INFO] BookmarkModelLoaded, ids_reassigned: 0
2026-03-23 04:26:36.299: [INFO] OnDoneLoading sync enabled: 1
2026-03-23 04:26:44.142: [INFO] Sync initialization duration: 1104ms
2026-03-23 04:37:54.632: [INFO] VisibilityChanged: 0
2026-03-23 04:37:54.698: [INFO] BookmarkModelLoaded, ids_reassigned: 0
2026-03-23 04:37:54.698: [INFO] OnDoneLoading sync enabled: 0
2026-03-23 04:37:56.492: [INFO] Primary account changed.
2026-03-23 04:37:56.492: [INFO] OnPrimaryAccountChanged PrimaryAccountChangeEvent::Type::kSet
2026-03-23 04:37:59.530: [INFO] Sync initialization duration: 4829ms
