{"logTime": "0322/130619", "correlationVector":"9fWHSHNMvgoBeWp5AN2GAw.1","action":"SyncServerConnectionManagerRequest", "result":"SYNC_SERVER_OK", "context":{"environment":"Prod_southeastasia_prod-s01-064-apac-southeastasia", "migrationStage":"NotStarted", "server":"akswtt112000009"}}
{"logTime": "0322/130619", "correlationVector":"9fWHSHNMvgoBeWp5AN2GAw.2","action":"ProcessGetUpdates", "result":"Done", "context":{"dataType":"Encryption Keys", "deleted":"0", "process_failed_to_decrypt":"0", "process_pending_decryption":"0", "process_success":"1", "total":"1"}}
{"logTime": "0322/130620", "correlationVector":"iceOQUF1Zz3FIpHKh5lI6c","action":"SyncServerConnectionManagerRequest", "result":"SYNC_SERVER_OK", "context":{"environment":"", "migrationStage":"", "server":""}}
{"logTime": "0322/130620", "correlationVector":"iceOQUF1Zz3FIpHKh5lI6c.0","action":"EncryptionKeysFetcher.DownloadKeys:", "result":"Success", "context":Key count: 5, Last key timestamp: 2025-11-27T08:34:58Z}
{"logTime": "0322/130620", "correlationVector":"iceOQUF1Zz3FIpHKh5lI6c.1","action":"EncryptionKeysManager::SetEncryptionKeys:", "result":"Success", "context":Key names[5]:[9H8q2Ig3q+fsQnSLTbYlelIXMuOypLpzKwb12P0V4uEASjYZChopzH/NSfuz6q6ky0E0ZjRXyleipY2Tr0pHkQ==][1TvG/6zE79ow3j6y4iclMjJIobEXo/UFEReO7Uqyn4WP+pF9xpt65XNc/McRAdqmP9xO+O8jENOmZu4wFKgnuw==][Nz3+hv1KPNJ4EPpGfvk4Kwm9h94G2Zy6RRRdpE4v6ifPUjHAUO78XjvdFh9Dv8eSoDO3VXM3Z2mmNGE7UpjmVQ==][WaNJZTkmW6Imrq/FT2F0RqROd/zABjmltDDTuS3XGnCVSgrd4Q28ChwdC79WbPoFZSxXQN9r9iuPbpRYBtRYew==][NAToMV8MRX7OW6kss4LxbuNSrwDoe6RVnHj3sxiyRob1hgVTexkfQ3MVDfa5/2HgMmiddfkt2gb/Qo8B3PvpHw==]}
{"logTime": "0322/130620", "correlationVector":"iceOQUF1Zz3FIpHKh5lI6c.2","action":"EncryptionKeysManager::SetEncryptionKeysWithTimestamps:", "result":"Success", "context":Key timestamps[5]:[2024-04-29T04:07:45Z][2024-10-28T07:18:05Z][2024-11-19T11:24:31Z][2025-05-31T01:20:15Z][2025-11-27T08:34:58Z]}
{"logTime": "0322/130620", "correlationVector":"9fWHSHNMvgoBeWp5AN2GAw","action":"Initial GetUpdates", "result":"", "context":Reason: NEW_CLIENT. cV=9fWHSHNMvgoBeWp5AN2GAw}
{"logTime": "0322/130620", "correlationVector":"9fWHSHNMvgoBeWp5AN2GAw.3","action":"GetUpdates Response", "result":"Success", "context":Received 1 update(s). cV=9fWHSHNMvgoBeWp5AN2GAw.0;server=akswtt112000009;cloudType=Consumer;environment=Prod_southeastasia_prod-s01-064-apac-southeastasia;migrationStage=NotStarted}
{"logTime": "0322/130620", "correlationVector":"dYKf+I3XVDdbC/a773dVCu","action":"Initial GetUpdates", "result":"", "context":Reason: NEWLY_SUPPORTED_DATATYPE. cV=dYKf+I3XVDdbC/a773dVCu}
{"logTime": "0322/130620", "correlationVector":"dYKf+I3XVDdbC/a773dVCu.1","action":"SyncServerConnectionManagerRequest", "result":"SYNC_SERVER_OK", "context":{"environment":"Prod_southeastasia_prod-s01-064-apac-southeastasia", "migrationStage":"NotStarted", "server":"akswtt11200000d"}}
{"logTime": "0322/130620", "correlationVector":"dYKf+I3XVDdbC/a773dVCu.2","action":"ProcessGetUpdates", "result":"Done", "context":{"dataType":"Preferences", "deleted":"0", "process_failed_to_decrypt":"0", "process_pending_decryption":"0", "process_success":"51", "total":"51"}}
{"logTime": "0322/130620", "correlationVector":"dYKf+I3XVDdbC/a773dVCu.3","action":"ProcessGetUpdates", "result":"Done", "context":{"dataType":"Device Info", "deleted":"0", "process_failed_to_decrypt":"0", "process_pending_decryption":"0", "process_success":"6", "total":"6"}}
{"logTime": "0322/130620", "correlationVector":"dYKf+I3XVDdbC/a773dVCu.4","action":"GetUpdates Response", "result":"Success", "context":Received 57 update(s). cV=dYKf+I3XVDdbC/a773dVCu.0;server=akswtt11200000d;cloudType=Consumer;environment=Prod_southeastasia_prod-s01-064-apac-southeastasia;migrationStage=NotStarted}
{"logTime": "0322/130620", "correlationVector":"2EqvXjQFc1jCPj2VZjgYjI","action":"Initial GetUpdates", "result":"", "context":Reason: NEWLY_SUPPORTED_DATATYPE. cV=2EqvXjQFc1jCPj2VZjgYjI}
{"logTime": "0322/130620", "correlationVector":"2EqvXjQFc1jCPj2VZjgYjI.1","action":"SyncServerConnectionManagerRequest", "result":"SYNC_SERVER_OK", "context":{"environment":"Prod_southeastasia_prod-s01-064-apac-southeastasia", "migrationStage":"NotStarted", "server":"akswtt11200000g"}}
{"logTime": "0322/130620", "correlationVector":"2EqvXjQFc1jCPj2VZjgYjI.2","action":"ProcessGetUpdates", "result":"Done", "context":{"dataType":"Bookmarks", "deleted":"0", "process_failed_to_decrypt":"0", "process_pending_decryption":"0", "process_success":"6", "total":"6"}}
{"logTime": "0322/130620", "correlationVector":"2EqvXjQFc1jCPj2VZjgYjI.3","action":"GetUpdates Response", "result":"Success", "context":Received 6 update(s). cV=2EqvXjQFc1jCPj2VZjgYjI.0;server=akswtt11200000g;cloudType=Consumer;environment=Prod_southeastasia_prod-s01-064-apac-southeastasia;migrationStage=NotStarted}
{"logTime": "0322/130620", "correlationVector":"/qEfbYT4SNmcMkOzT7xPYY","action":"Initial GetUpdates", "result":"", "context":Reason: NEWLY_SUPPORTED_DATATYPE. cV=/qEfbYT4SNmcMkOzT7xPYY}
{"logTime": "0322/130621", "correlationVector":"/qEfbYT4SNmcMkOzT7xPYY.1","action":"SyncServerConnectionManagerRequest", "result":"SYNC_SERVER_OK", "context":{"environment":"Prod_southeastasia_prod-s01-064-apac-southeastasia", "migrationStage":"NotStarted", "server":"akswtt11200000j"}}
{"logTime": "0322/130621", "correlationVector":"/qEfbYT4SNmcMkOzT7xPYY.2","action":"ProcessGetUpdates", "result":"Done", "context":{"dataType":"Autofill Profiles", "deleted":"1", "process_failed_to_decrypt":"0", "process_pending_decryption":"0", "process_success":"1", "total":"1"}}
{"logTime": "0322/130621", "correlationVector":"/qEfbYT4SNmcMkOzT7xPYY.3","action":"ProcessGetUpdates", "result":"Done", "context":{"dataType":"Autofill", "deleted":"0", "process_failed_to_decrypt":"0", "process_pending_decryption":"0", "process_success":"3", "total":"3"}}
{"logTime": "0322/130621", "correlationVector":"/qEfbYT4SNmcMkOzT7xPYY.4","action":"ProcessGetUpdates", "result":"Done", "context":{"dataType":"Sessions", "deleted":"4", "process_failed_to_decrypt":"0", "process_pending_decryption":"0", "process_success":"8", "total":"8"}}
{"logTime": "0322/130621", "correlationVector":"/qEfbYT4SNmcMkOzT7xPYY.5","action":"GetUpdates Response", "result":"Success", "context":Received 12 update(s). cV=/qEfbYT4SNmcMkOzT7xPYY.0;server=akswtt11200000j;cloudType=Consumer;environment=Prod_southeastasia_prod-s01-064-apac-southeastasia;migrationStage=NotStarted}
{"logTime": "0322/130621", "correlationVector":"sr/76EEerpGnfjxNlkJcxT","action":"Initial GetUpdates", "result":"", "context":Reason: NEWLY_SUPPORTED_DATATYPE. cV=sr/76EEerpGnfjxNlkJcxT}
{"logTime": "0322/130621", "correlationVector":"sr/76EEerpGnfjxNlkJcxT.1","action":"SyncServerConnectionManagerRequest", "result":"SYNC_SERVER_OK", "context":{"environment":"Prod_southeastasia_prod-s01-064-apac-southeastasia", "migrationStage":"NotStarted", "server":"akswtt112000000"}}
{"logTime": "0322/130621", "correlationVector":"sr/76EEerpGnfjxNlkJcxT.2","action":"ProcessGetUpdates", "result":"Done", "context":{"dataType":"History", "deleted":"0", "process_failed_to_decrypt":"0", "process_pending_decryption":"0", "process_success":"8", "total":"8"}}
{"logTime": "0322/130621", "correlationVector":"sr/76EEerpGnfjxNlkJcxT.3","action":"GetUpdates Response", "result":"Success", "context":Received 8 update(s). cV=sr/76EEerpGnfjxNlkJcxT.0;server=akswtt112000000;cloudType=Consumer;environment=Prod_southeastasia_prod-s01-064-apac-southeastasia;migrationStage=NotStarted}
{"logTime": "0322/130621", "correlationVector":"6bpuD3ggjWDha0YKTsFjnt","action":"Normal GetUpdate request", "result":"", "context":cV=6bpuD3ggjWDha0YKTsFjnt
Nudged types: Sessions, Device Info, User Consents
Refresh requested types: Bookmarks, Preferences, Passwords, Autofill Profiles, Autofill, Extensions, Sessions, Extension settings, History Delete Directives, Device Info, User Consents, Send Tab To Self, Web Apps, History, Saved Tab Group, WebAuthn Credentials, Collection, Edge E Drop, Edge Hub App Usage, Edge Wallet, Edge Workspace, Encryption Keys}
{"logTime": "0322/130621", "correlationVector":"6bpuD3ggjWDha0YKTsFjnt.1","action":"SyncServerConnectionManagerRequest", "result":"SYNC_SERVER_OK", "context":{"environment":"Prod_southeastasia_prod-s01-064-apac-southeastasia", "migrationStage":"NotStarted", "server":"akswtt11200000e"}}
{"logTime": "0322/130621", "correlationVector":"6bpuD3ggjWDha0YKTsFjnt.2","action":"GetUpdates Response", "result":"Success", "context":Received 0 update(s). cV=6bpuD3ggjWDha0YKTsFjnt.0;server=akswtt11200000e;cloudType=Consumer;environment=Prod_southeastasia_prod-s01-064-apac-southeastasia;migrationStage=NotStarted}
{"logTime": "0322/130621", "correlationVector":"cO0pqU6lpFDIJGYzFMqEte","action":"DoCompareDataConsistency requsted types: ", "result":"Bookmarks, Preferences, Passwords, Extensions, Extension settings, History Delete Directives, Send Tab To Self, Web Apps, History, Saved Tab Group, WebAuthn Credentials, Collection, Edge E Drop, Edge Wallet, Edge Workspace, Encryption Keys"}
{"logTime": "0322/130621", "correlationVector":"cO0pqU6lpFDIJGYzFMqEte.0","action":"CompareDataConsistency result: ", "result":"Compare result: Encryption Keys is consistent. local entities count is: 1 local entities hash is: uxTq0NNDHhnWOfaUP8N5Hwo5nls="}
{"logTime": "0322/130621", "correlationVector":"cO0pqU6lpFDIJGYzFMqEte.1","action":"CompareDataConsistency result: ", "result":"Compare result: Bookmarks is consistent. local entities count is: 0 local entities hash is: "}
{"logTime": "0322/130621", "correlationVector":"cO0pqU6lpFDIJGYzFMqEte.2","action":"CompareDataConsistency result: ", "result":"Compare result: Preferences is consistent. local entities count is: 51 local entities hash is: w8FbSxbJ4g7E5ONEz5KBBJ1aRUg="}
{"logTime": "0322/130621", "correlationVector":"cO0pqU6lpFDIJGYzFMqEte.3","action":"CompareDataConsistency result: ", "result":"Compare result: Extensions is consistent. local entities count is: 0 local entities hash is: "}
{"logTime": "0322/130621", "correlationVector":"cO0pqU6lpFDIJGYzFMqEte.4","action":"CompareDataConsistency result: ", "result":"Compare result: Extension settings is consistent. local entities count is: 0 local entities hash is: "}
{"logTime": "0322/130621", "correlationVector":"cO0pqU6lpFDIJGYzFMqEte.5","action":"CompareDataConsistency result: ", "result":"Compare result: History Delete Directives is consistent. local entities count is: 0 local entities hash is: "}
{"logTime": "0322/130621", "correlationVector":"cO0pqU6lpFDIJGYzFMqEte.6","action":"CompareDataConsistency result: ", "result":"Server did not send this Send Tab To Self local entities count is: 0 local entities hash is: "}
{"logTime": "0322/130621", "correlationVector":"cO0pqU6lpFDIJGYzFMqEte.7","action":"CompareDataConsistency result: ", "result":"Compare result: Web Apps is consistent. local entities count is: 0 local entities hash is: "}
{"logTime": "0322/130621", "correlationVector":"cO0pqU6lpFDIJGYzFMqEte.8","action":"CompareDataConsistency result: ", "result":"Server did not send this History local entities count is: 0 local entities hash is: "}
{"logTime": "0322/130621", "correlationVector":"cO0pqU6lpFDIJGYzFMqEte.9","action":"CompareDataConsistency result: ", "result":"Compare result: Saved Tab Group is consistent. local entities count is: 0 local entities hash is: "}
{"logTime": "0322/130621", "correlationVector":"cO0pqU6lpFDIJGYzFMqEte.10","action":"CompareDataConsistency result: ", "result":"Server did not send this WebAuthn Credentials local entities count is: 0 local entities hash is: "}
{"logTime": "0322/130621", "correlationVector":"cO0pqU6lpFDIJGYzFMqEte.11","action":"CompareDataConsistency result: ", "result":"Compare result: Collection is consistent. local entities count is: 0 local entities hash is: "}
{"logTime": "0322/130621", "correlationVector":"cO0pqU6lpFDIJGYzFMqEte.12","action":"CompareDataConsistency result: ", "result":"Compare result: Edge E Drop is consistent. local entities count is: 0 local entities hash is: "}
{"logTime": "0322/130621", "correlationVector":"cO0pqU6lpFDIJGYzFMqEte.13","action":"CompareDataConsistency result: ", "result":"Compare result: Edge Wallet is consistent. local entities count is: 0 local entities hash is: "}
{"logTime": "0322/130621", "correlationVector":"cO0pqU6lpFDIJGYzFMqEte.14","action":"CompareDataConsistency result: ", "result":"Server did not send this Edge Workspace local entities count is: 0 local entities hash is: "}
{"logTime": "0322/130621", "correlationVector":"cO0pqU6lpFDIJGYzFMqEte.15","action":"CompareDataConsistency result: ", "result":"Compare result: Passwords is consistent. local entities count is: 0 local entities hash is: "}
{"logTime": "0322/130621", "correlationVector":"LKC6DRQfFFmCFv7hdbuiDT","action":"Commit Request", "result":"", "context":Item count: 5
Contributing types: Sessions, Device Info, User Consents}
{"logTime": "0322/130622", "correlationVector":"LKC6DRQfFFmCFv7hdbuiDT.1","action":"SyncServerConnectionManagerRequest", "result":"SYNC_SERVER_OK", "context":{"environment":"Prod_southeastasia_prod-s01-064-apac-southeastasia", "migrationStage":"NotStarted", "server":"akswtt11200000r"}}
{"logTime": "0322/130622", "correlationVector":"LKC6DRQfFFmCFv7hdbuiDT.2","action":"Commit Response", "result":"Success", "context":Result: Success. cV=LKC6DRQfFFmCFv7hdbuiDT.0;server=akswtt11200000r;cloudType=Consumer;environment=Prod_southeastasia_prod-s01-064-apac-southeastasia;migrationStage=NotStarted}
{"logTime": "0322/130622", "correlationVector":"","action":"DIAGNOSTIC_REQUEST|v1/diagnosticData/Diagnostic.SendCheckResult()|SUCCESS", "result":""}
{"logTime": "0323/023035", "correlationVector":"/CgprLiCPwrd2dHANnqKJU.1","action":"SyncServerConnectionManagerRequest", "result":"SYNC_SERVER_OK", "context":{"environment":"Prod_southeastasia_prod-s01-065-apac-southeastasia", "migrationStage":"NotStarted", "server":"akswtt112000000"}}
{"logTime": "0323/023035", "correlationVector":"/CgprLiCPwrd2dHANnqKJU.2","action":"ProcessGetUpdates", "result":"Done", "context":{"dataType":"Encryption Keys", "deleted":"0", "process_failed_to_decrypt":"0", "process_pending_decryption":"0", "process_success":"1", "total":"1"}}
{"logTime": "0323/023036", "correlationVector":"xc+4eA9uKE/tGz/dS0Qn1y","action":"SyncServerConnectionManagerRequest", "result":"SYNC_SERVER_OK", "context":{"environment":"", "migrationStage":"", "server":""}}
{"logTime": "0323/023036", "correlationVector":"xc+4eA9uKE/tGz/dS0Qn1y.0","action":"EncryptionKeysFetcher.DownloadKeys:", "result":"Success", "context":Key count: 5, Last key timestamp: 2025-11-27T08:34:58Z}
{"logTime": "0323/023036", "correlationVector":"xc+4eA9uKE/tGz/dS0Qn1y.1","action":"EncryptionKeysManager::SetEncryptionKeys:", "result":"Success", "context":Key names[5]:[9H8q2Ig3q+fsQnSLTbYlelIXMuOypLpzKwb12P0V4uEASjYZChopzH/NSfuz6q6ky0E0ZjRXyleipY2Tr0pHkQ==][1TvG/6zE79ow3j6y4iclMjJIobEXo/UFEReO7Uqyn4WP+pF9xpt65XNc/McRAdqmP9xO+O8jENOmZu4wFKgnuw==][Nz3+hv1KPNJ4EPpGfvk4Kwm9h94G2Zy6RRRdpE4v6ifPUjHAUO78XjvdFh9Dv8eSoDO3VXM3Z2mmNGE7UpjmVQ==][WaNJZTkmW6Imrq/FT2F0RqROd/zABjmltDDTuS3XGnCVSgrd4Q28ChwdC79WbPoFZSxXQN9r9iuPbpRYBtRYew==][NAToMV8MRX7OW6kss4LxbuNSrwDoe6RVnHj3sxiyRob1hgVTexkfQ3MVDfa5/2HgMmiddfkt2gb/Qo8B3PvpHw==]}
{"logTime": "0323/023036", "correlationVector":"xc+4eA9uKE/tGz/dS0Qn1y.2","action":"EncryptionKeysManager::SetEncryptionKeysWithTimestamps:", "result":"Success", "context":Key timestamps[5]:[2024-04-29T04:07:45Z][2024-10-28T07:18:05Z][2024-11-19T11:24:31Z][2025-05-31T01:20:15Z][2025-11-27T08:34:58Z]}
{"logTime": "0323/023036", "correlationVector":"/CgprLiCPwrd2dHANnqKJU","action":"Initial GetUpdates", "result":"", "context":Reason: NEW_CLIENT. cV=/CgprLiCPwrd2dHANnqKJU}
{"logTime": "0323/023036", "correlationVector":"/CgprLiCPwrd2dHANnqKJU.3","action":"GetUpdates Response", "result":"Success", "context":Received 1 update(s). cV=/CgprLiCPwrd2dHANnqKJU.0;server=akswtt112000000;cloudType=Consumer;environment=Prod_southeastasia_prod-s01-065-apac-southeastasia;migrationStage=NotStarted}
{"logTime": "0323/023036", "correlationVector":"McmFWsJ38FZZ9fYVRK0sch","action":"Normal GetUpdate request", "result":"", "context":cV=McmFWsJ38FZZ9fYVRK0sch
Nudged types: Sessions, Device Info, History
Refresh requested types: Bookmarks, Preferences, Passwords, Autofill Profiles, Autofill, Extensions, Sessions, Extension settings, History Delete Directives, Device Info, User Consents, Send Tab To Self, Web Apps, History, Saved Tab Group, WebAuthn Credentials, Collection, Edge E Drop, Edge Hub App Usage, Edge Wallet, Edge Workspace, Encryption Keys}
{"logTime": "0323/023036", "correlationVector":"McmFWsJ38FZZ9fYVRK0sch.1","action":"SyncServerConnectionManagerRequest", "result":"SYNC_SERVER_OK", "context":{"environment":"Prod_southeastasia_prod-s01-065-apac-southeastasia", "migrationStage":"NotStarted", "server":"akswtt112000001"}}
{"logTime": "0323/023036", "correlationVector":"McmFWsJ38FZZ9fYVRK0sch.2","action":"ProcessGetUpdates", "result":"Done", "context":{"dataType":"Preferences", "deleted":"0", "process_failed_to_decrypt":"0", "process_pending_decryption":"0", "process_success":"1", "total":"1"}}
{"logTime": "0323/023036", "correlationVector":"McmFWsJ38FZZ9fYVRK0sch.3","action":"ProcessGetUpdates", "result":"Done", "context":{"dataType":"Sessions", "deleted":"0", "process_failed_to_decrypt":"0", "process_pending_decryption":"0", "process_success":"4", "total":"4"}}
{"logTime": "0323/023036", "correlationVector":"McmFWsJ38FZZ9fYVRK0sch.4","action":"ProcessGetUpdates", "result":"Done", "context":{"dataType":"Device Info", "deleted":"0", "process_failed_to_decrypt":"0", "process_pending_decryption":"0", "process_success":"2", "total":"2"}}
{"logTime": "0323/023036", "correlationVector":"McmFWsJ38FZZ9fYVRK0sch.5","action":"ProcessGetUpdates", "result":"Done", "context":{"dataType":"History", "deleted":"0", "process_failed_to_decrypt":"0", "process_pending_decryption":"0", "process_success":"1", "total":"1"}}
{"logTime": "0323/023036", "correlationVector":"McmFWsJ38FZZ9fYVRK0sch.6","action":"GetUpdates Response", "result":"Success", "context":Received 8 update(s). cV=McmFWsJ38FZZ9fYVRK0sch.0;server=akswtt112000001;cloudType=Consumer;environment=Prod_southeastasia_prod-s01-065-apac-southeastasia;migrationStage=NotStarted}
{"logTime": "0323/023036", "correlationVector":"m9MJJat3y8wuBPjKp8ZZwM","action":"Poll GetUpdate request", "result":"", "context":cV=m9MJJat3y8wuBPjKp8ZZwM}
{"logTime": "0323/023036", "correlationVector":"m9MJJat3y8wuBPjKp8ZZwM.1","action":"SyncServerConnectionManagerRequest", "result":"SYNC_SERVER_OK", "context":{"environment":"Prod_southeastasia_prod-s01-065-apac-southeastasia", "migrationStage":"NotStarted", "server":"akswtt112000000"}}
{"logTime": "0323/023036", "correlationVector":"m9MJJat3y8wuBPjKp8ZZwM.2","action":"GetUpdates Response", "result":"Success", "context":Received 0 update(s). cV=m9MJJat3y8wuBPjKp8ZZwM.0;server=akswtt112000000;cloudType=Consumer;environment=Prod_southeastasia_prod-s01-065-apac-southeastasia;migrationStage=NotStarted}
{"logTime": "0323/023138", "correlationVector":"mU5mZdh5AiHxabRikO9oru","action":"Commit Request", "result":"", "context":Item count: 3
Contributing types: Sessions, History}
{"logTime": "0323/023139", "correlationVector":"mU5mZdh5AiHxabRikO9oru.1","action":"SyncServerConnectionManagerRequest", "result":"SYNC_SERVER_OK", "context":{"environment":"Prod_southeastasia_prod-s01-065-apac-southeastasia", "migrationStage":"NotStarted", "server":"akswtt11200000o"}}
{"logTime": "0323/023139", "correlationVector":"mU5mZdh5AiHxabRikO9oru.2","action":"Commit Response", "result":"Success", "context":Result: Success. cV=mU5mZdh5AiHxabRikO9oru.0;server=akswtt11200000o;cloudType=Consumer;environment=Prod_southeastasia_prod-s01-065-apac-southeastasia;migrationStage=NotStarted}
{"logTime": "0323/025721", "correlationVector":"6KZBpOTWxVvP+SiabOo6rZ.1","action":"SyncServerConnectionManagerRequest", "result":"SYNC_SERVER_OK", "context":{"environment":"Prod_southeastasia_prod-s01-064-apac-southeastasia", "migrationStage":"NotStarted", "server":"akswtt112000004"}}
{"logTime": "0323/025721", "correlationVector":"6KZBpOTWxVvP+SiabOo6rZ.2","action":"ProcessGetUpdates", "result":"Done", "context":{"dataType":"Encryption Keys", "deleted":"0", "process_failed_to_decrypt":"0", "process_pending_decryption":"0", "process_success":"1", "total":"1"}}
{"logTime": "0323/025722", "correlationVector":"lF+Wn2F8Wn8yxMqSvxOYmY","action":"SyncServerConnectionManagerRequest", "result":"SYNC_SERVER_OK", "context":{"environment":"", "migrationStage":"", "server":""}}
{"logTime": "0323/025722", "correlationVector":"lF+Wn2F8Wn8yxMqSvxOYmY.0","action":"EncryptionKeysFetcher.DownloadKeys:", "result":"Success", "context":Key count: 5, Last key timestamp: 2025-11-27T08:34:58Z}
{"logTime": "0323/025722", "correlationVector":"lF+Wn2F8Wn8yxMqSvxOYmY.1","action":"EncryptionKeysManager::SetEncryptionKeys:", "result":"Success", "context":Key names[5]:[9H8q2Ig3q+fsQnSLTbYlelIXMuOypLpzKwb12P0V4uEASjYZChopzH/NSfuz6q6ky0E0ZjRXyleipY2Tr0pHkQ==][1TvG/6zE79ow3j6y4iclMjJIobEXo/UFEReO7Uqyn4WP+pF9xpt65XNc/McRAdqmP9xO+O8jENOmZu4wFKgnuw==][Nz3+hv1KPNJ4EPpGfvk4Kwm9h94G2Zy6RRRdpE4v6ifPUjHAUO78XjvdFh9Dv8eSoDO3VXM3Z2mmNGE7UpjmVQ==][WaNJZTkmW6Imrq/FT2F0RqROd/zABjmltDDTuS3XGnCVSgrd4Q28ChwdC79WbPoFZSxXQN9r9iuPbpRYBtRYew==][NAToMV8MRX7OW6kss4LxbuNSrwDoe6RVnHj3sxiyRob1hgVTexkfQ3MVDfa5/2HgMmiddfkt2gb/Qo8B3PvpHw==]}
{"logTime": "0323/025722", "correlationVector":"lF+Wn2F8Wn8yxMqSvxOYmY.2","action":"EncryptionKeysManager::SetEncryptionKeysWithTimestamps:", "result":"Success", "context":Key timestamps[5]:[2024-04-29T04:07:45Z][2024-10-28T07:18:05Z][2024-11-19T11:24:31Z][2025-05-31T01:20:15Z][2025-11-27T08:34:58Z]}
{"logTime": "0323/025722", "correlationVector":"6KZBpOTWxVvP+SiabOo6rZ","action":"Initial GetUpdates", "result":"", "context":Reason: NEW_CLIENT. cV=6KZBpOTWxVvP+SiabOo6rZ}
{"logTime": "0323/025722", "correlationVector":"6KZBpOTWxVvP+SiabOo6rZ.3","action":"GetUpdates Response", "result":"Success", "context":Received 1 update(s). cV=6KZBpOTWxVvP+SiabOo6rZ.0;server=akswtt112000004;cloudType=Consumer;environment=Prod_southeastasia_prod-s01-064-apac-southeastasia;migrationStage=NotStarted}
{"logTime": "0323/025722", "correlationVector":"ql0YhyMFhDYDrcNINRa05d","action":"Initial GetUpdates", "result":"", "context":Reason: NEWLY_SUPPORTED_DATATYPE. cV=ql0YhyMFhDYDrcNINRa05d}
{"logTime": "0323/025722", "correlationVector":"ql0YhyMFhDYDrcNINRa05d.1","action":"SyncServerConnectionManagerRequest", "result":"SYNC_SERVER_OK", "context":{"environment":"Prod_southeastasia_prod-s01-065-apac-southeastasia", "migrationStage":"NotStarted", "server":"akswtt11200000f"}}
{"logTime": "0323/025722", "correlationVector":"ql0YhyMFhDYDrcNINRa05d.2","action":"ProcessGetUpdates", "result":"Done", "context":{"dataType":"Preferences", "deleted":"0", "process_failed_to_decrypt":"0", "process_pending_decryption":"0", "process_success":"51", "total":"51"}}
{"logTime": "0323/025722", "correlationVector":"ql0YhyMFhDYDrcNINRa05d.3","action":"ProcessGetUpdates", "result":"Done", "context":{"dataType":"Device Info", "deleted":"0", "process_failed_to_decrypt":"0", "process_pending_decryption":"0", "process_success":"7", "total":"7"}}
{"logTime": "0323/025722", "correlationVector":"ql0YhyMFhDYDrcNINRa05d.4","action":"GetUpdates Response", "result":"Success", "context":Received 58 update(s). cV=ql0YhyMFhDYDrcNINRa05d.0;server=akswtt11200000f;cloudType=Consumer;environment=Prod_southeastasia_prod-s01-065-apac-southeastasia;migrationStage=NotStarted}
{"logTime": "0323/025722", "correlationVector":"zBKF3xmKVVZ5JFTliyegse","action":"Initial GetUpdates", "result":"", "context":Reason: NEWLY_SUPPORTED_DATATYPE. cV=zBKF3xmKVVZ5JFTliyegse}
{"logTime": "0323/025723", "correlationVector":"zBKF3xmKVVZ5JFTliyegse.1","action":"SyncServerConnectionManagerRequest", "result":"SYNC_SERVER_OK", "context":{"environment":"Prod_southeastasia_prod-s01-065-apac-southeastasia", "migrationStage":"NotStarted", "server":"akswtt11200000m"}}
{"logTime": "0323/025723", "correlationVector":"zBKF3xmKVVZ5JFTliyegse.2","action":"ProcessGetUpdates", "result":"Done", "context":{"dataType":"Bookmarks", "deleted":"0", "process_failed_to_decrypt":"0", "process_pending_decryption":"0", "process_success":"6", "total":"6"}}
{"logTime": "0323/025723", "correlationVector":"zBKF3xmKVVZ5JFTliyegse.3","action":"GetUpdates Response", "result":"Success", "context":Received 6 update(s). cV=zBKF3xmKVVZ5JFTliyegse.0;server=akswtt11200000m;cloudType=Consumer;environment=Prod_southeastasia_prod-s01-065-apac-southeastasia;migrationStage=NotStarted}
{"logTime": "0323/025723", "correlationVector":"tP1EbjUq29q4IDItOszbfL","action":"Initial GetUpdates", "result":"", "context":Reason: NEWLY_SUPPORTED_DATATYPE. cV=tP1EbjUq29q4IDItOszbfL}
{"logTime": "0323/025723", "correlationVector":"tP1EbjUq29q4IDItOszbfL.1","action":"SyncServerConnectionManagerRequest", "result":"SYNC_SERVER_OK", "context":{"environment":"Prod_southeastasia_prod-s01-065-apac-southeastasia", "migrationStage":"NotStarted", "server":"akswtt11200000f"}}
{"logTime": "0323/025723", "correlationVector":"tP1EbjUq29q4IDItOszbfL.2","action":"ProcessGetUpdates", "result":"Done", "context":{"dataType":"Autofill Profiles", "deleted":"1", "process_failed_to_decrypt":"0", "process_pending_decryption":"0", "process_success":"1", "total":"1"}}
{"logTime": "0323/025723", "correlationVector":"tP1EbjUq29q4IDItOszbfL.3","action":"ProcessGetUpdates", "result":"Done", "context":{"dataType":"Autofill", "deleted":"0", "process_failed_to_decrypt":"0", "process_pending_decryption":"0", "process_success":"3", "total":"3"}}
{"logTime": "0323/025723", "correlationVector":"tP1EbjUq29q4IDItOszbfL.4","action":"ProcessGetUpdates", "result":"Done", "context":{"dataType":"Sessions", "deleted":"4", "process_failed_to_decrypt":"0", "process_pending_decryption":"0", "process_success":"12", "total":"12"}}
{"logTime": "0323/025723", "correlationVector":"tP1EbjUq29q4IDItOszbfL.5","action":"GetUpdates Response", "result":"Success", "context":Received 16 update(s). cV=tP1EbjUq29q4IDItOszbfL.0;server=akswtt11200000f;cloudType=Consumer;environment=Prod_southeastasia_prod-s01-065-apac-southeastasia;migrationStage=NotStarted}
{"logTime": "0323/025723", "correlationVector":"Dhu6+MToNzw6Gdg6J5rA+1","action":"Initial GetUpdates", "result":"", "context":Reason: NEWLY_SUPPORTED_DATATYPE. cV=Dhu6+MToNzw6Gdg6J5rA+1}
{"logTime": "0323/025723", "correlationVector":"Dhu6+MToNzw6Gdg6J5rA+1.1","action":"SyncServerConnectionManagerRequest", "result":"SYNC_SERVER_OK", "context":{"environment":"Prod_southeastasia_prod-s01-065-apac-southeastasia", "migrationStage":"NotStarted", "server":"akswtt11200000m"}}
{"logTime": "0323/025723", "correlationVector":"Dhu6+MToNzw6Gdg6J5rA+1.2","action":"ProcessGetUpdates", "result":"Done", "context":{"dataType":"History", "deleted":"0", "process_failed_to_decrypt":"0", "process_pending_decryption":"0", "process_success":"10", "total":"10"}}
{"logTime": "0323/025723", "correlationVector":"Dhu6+MToNzw6Gdg6J5rA+1.3","action":"GetUpdates Response", "result":"Success", "context":Received 10 update(s). cV=Dhu6+MToNzw6Gdg6J5rA+1.0;server=akswtt11200000m;cloudType=Consumer;environment=Prod_southeastasia_prod-s01-065-apac-southeastasia;migrationStage=NotStarted}
{"logTime": "0323/025723", "correlationVector":"T4CwhSUw4YH8RVccgDtsrM","action":"Normal GetUpdate request", "result":"", "context":cV=T4CwhSUw4YH8RVccgDtsrM
Nudged types: Sessions, Device Info
Refresh requested types: Bookmarks, Preferences, Passwords, Autofill Profiles, Autofill, Extensions, Sessions, Extension settings, History Delete Directives, Device Info, User Consents, Send Tab To Self, Web Apps, History, Saved Tab Group, WebAuthn Credentials, Collection, Edge E Drop, Edge Hub App Usage, Edge Wallet, Edge Workspace, Encryption Keys}
{"logTime": "0323/025724", "correlationVector":"T4CwhSUw4YH8RVccgDtsrM.1","action":"SyncServerConnectionManagerRequest", "result":"SYNC_SERVER_OK", "context":{"environment":"Prod_southeastasia_prod-s01-065-apac-southeastasia", "migrationStage":"NotStarted", "server":"akswtt11200000k"}}
{"logTime": "0323/025724", "correlationVector":"T4CwhSUw4YH8RVccgDtsrM.2","action":"GetUpdates Response", "result":"Success", "context":Received 0 update(s). cV=T4CwhSUw4YH8RVccgDtsrM.0;server=akswtt11200000k;cloudType=Consumer;environment=Prod_southeastasia_prod-s01-065-apac-southeastasia;migrationStage=NotStarted}
{"logTime": "0323/025724", "correlationVector":"loNuJ5ommS0wcxUKWwp4+I","action":"Commit Request", "result":"", "context":Item count: 4
Contributing types: Sessions, Device Info, History}
{"logTime": "0323/025725", "correlationVector":"loNuJ5ommS0wcxUKWwp4+I.1","action":"SyncServerConnectionManagerRequest", "result":"SYNC_SERVER_OK", "context":{"environment":"Prod_southeastasia_prod-s01-065-apac-southeastasia", "migrationStage":"NotStarted", "server":"akswtt112000010"}}
{"logTime": "0323/025725", "correlationVector":"loNuJ5ommS0wcxUKWwp4+I.2","action":"Commit Response", "result":"Success", "context":Result: Success. cV=loNuJ5ommS0wcxUKWwp4+I.0;server=akswtt112000010;cloudType=Consumer;environment=Prod_southeastasia_prod-s01-065-apac-southeastasia;migrationStage=NotStarted}
{"logTime": "0323/025828", "correlationVector":"fU07OzEZ5iqbzgu0toFYYI","action":"Commit Request", "result":"", "context":Item count: 2
Contributing types: Sessions, History}
{"logTime": "0323/025828", "correlationVector":"fU07OzEZ5iqbzgu0toFYYI.1","action":"SyncServerConnectionManagerRequest", "result":"SYNC_SERVER_OK", "context":{"environment":"Prod_southeastasia_prod-s01-065-apac-southeastasia", "migrationStage":"NotStarted", "server":"akswtt112000011"}}
{"logTime": "0323/025828", "correlationVector":"fU07OzEZ5iqbzgu0toFYYI.2","action":"Commit Response", "result":"Success", "context":Result: Success. cV=fU07OzEZ5iqbzgu0toFYYI.0;server=akswtt112000011;cloudType=Consumer;environment=Prod_southeastasia_prod-s01-065-apac-southeastasia;migrationStage=NotStarted}
{"logTime": "0323/030105", "correlationVector":"yhBrexGigbeaSSJQM1OIM5","action":"Commit Request", "result":"", "context":Item count: 1
Contributing types: Sessions}
{"logTime": "0323/030105", "correlationVector":"yhBrexGigbeaSSJQM1OIM5.1","action":"SyncServerConnectionManagerRequest", "result":"SYNC_SERVER_OK", "context":{"environment":"Prod_southeastasia_prod-s01-065-apac-southeastasia", "migrationStage":"NotStarted", "server":"akswtt112000002"}}
{"logTime": "0323/030105", "correlationVector":"yhBrexGigbeaSSJQM1OIM5.2","action":"Commit Response", "result":"Success", "context":Result: Success. cV=yhBrexGigbeaSSJQM1OIM5.0;server=akswtt112000002;cloudType=Consumer;environment=Prod_southeastasia_prod-s01-065-apac-southeastasia;migrationStage=NotStarted}
{"logTime": "0323/031056", "correlationVector":"pVeacunBye690To1mPzr8Z.1","action":"SyncServerConnectionManagerRequest", "result":"SYNC_SERVER_OK", "context":{"environment":"Prod_southeastasia_prod-s01-064-apac-southeastasia", "migrationStage":"NotStarted", "server":"akswtt11200000g"}}
{"logTime": "0323/031056", "correlationVector":"pVeacunBye690To1mPzr8Z.2","action":"ProcessGetUpdates", "result":"Done", "context":{"dataType":"Encryption Keys", "deleted":"0", "process_failed_to_decrypt":"0", "process_pending_decryption":"0", "process_success":"1", "total":"1"}}
{"logTime": "0323/031057", "correlationVector":"Nx2w3qbxCvWZmRi9XsEHqq","action":"SyncServerConnectionManagerRequest", "result":"SYNC_SERVER_OK", "context":{"environment":"", "migrationStage":"", "server":""}}
{"logTime": "0323/031057", "correlationVector":"Nx2w3qbxCvWZmRi9XsEHqq.0","action":"EncryptionKeysFetcher.DownloadKeys:", "result":"Success", "context":Key count: 5, Last key timestamp: 2025-11-27T08:34:58Z}
{"logTime": "0323/031057", "correlationVector":"Nx2w3qbxCvWZmRi9XsEHqq.1","action":"EncryptionKeysManager::SetEncryptionKeys:", "result":"Success", "context":Key names[5]:[9H8q2Ig3q+fsQnSLTbYlelIXMuOypLpzKwb12P0V4uEASjYZChopzH/NSfuz6q6ky0E0ZjRXyleipY2Tr0pHkQ==][1TvG/6zE79ow3j6y4iclMjJIobEXo/UFEReO7Uqyn4WP+pF9xpt65XNc/McRAdqmP9xO+O8jENOmZu4wFKgnuw==][Nz3+hv1KPNJ4EPpGfvk4Kwm9h94G2Zy6RRRdpE4v6ifPUjHAUO78XjvdFh9Dv8eSoDO3VXM3Z2mmNGE7UpjmVQ==][WaNJZTkmW6Imrq/FT2F0RqROd/zABjmltDDTuS3XGnCVSgrd4Q28ChwdC79WbPoFZSxXQN9r9iuPbpRYBtRYew==][NAToMV8MRX7OW6kss4LxbuNSrwDoe6RVnHj3sxiyRob1hgVTexkfQ3MVDfa5/2HgMmiddfkt2gb/Qo8B3PvpHw==]}
{"logTime": "0323/031057", "correlationVector":"Nx2w3qbxCvWZmRi9XsEHqq.2","action":"EncryptionKeysManager::SetEncryptionKeysWithTimestamps:", "result":"Success", "context":Key timestamps[5]:[2024-04-29T04:07:45Z][2024-10-28T07:18:05Z][2024-11-19T11:24:31Z][2025-05-31T01:20:15Z][2025-11-27T08:34:58Z]}
{"logTime": "0323/031057", "correlationVector":"pVeacunBye690To1mPzr8Z","action":"Initial GetUpdates", "result":"", "context":Reason: NEW_CLIENT. cV=pVeacunBye690To1mPzr8Z}
{"logTime": "0323/031057", "correlationVector":"pVeacunBye690To1mPzr8Z.3","action":"GetUpdates Response", "result":"Success", "context":Received 1 update(s). cV=pVeacunBye690To1mPzr8Z.0;server=akswtt11200000g;cloudType=Consumer;environment=Prod_southeastasia_prod-s01-064-apac-southeastasia;migrationStage=NotStarted}
{"logTime": "0323/031058", "correlationVector":"BFDkFducuTyIQ3pUaKdgef","action":"Normal GetUpdate request", "result":"", "context":cV=BFDkFducuTyIQ3pUaKdgef
Nudged types: Sessions, Device Info
Refresh requested types: Bookmarks, Preferences, Passwords, Autofill Profiles, Autofill, Extensions, Sessions, Extension settings, History Delete Directives, Device Info, User Consents, Send Tab To Self, Web Apps, History, Saved Tab Group, WebAuthn Credentials, Collection, Edge E Drop, Edge Hub App Usage, Edge Wallet, Edge Workspace, Encryption Keys}
{"logTime": "0323/031058", "correlationVector":"BFDkFducuTyIQ3pUaKdgef.1","action":"SyncServerConnectionManagerRequest", "result":"SYNC_SERVER_OK", "context":{"environment":"Prod_southeastasia_prod-s01-064-apac-southeastasia", "migrationStage":"NotStarted", "server":"akswtt112000001"}}
{"logTime": "0323/031058", "correlationVector":"BFDkFducuTyIQ3pUaKdgef.2","action":"ProcessGetUpdates", "result":"Done", "context":{"dataType":"Sessions", "deleted":"1", "process_failed_to_decrypt":"0", "process_pending_decryption":"0", "process_success":"3", "total":"3"}}
{"logTime": "0323/031058", "correlationVector":"BFDkFducuTyIQ3pUaKdgef.3","action":"ProcessGetUpdates", "result":"Done", "context":{"dataType":"Device Info", "deleted":"0", "process_failed_to_decrypt":"0", "process_pending_decryption":"0", "process_success":"1", "total":"1"}}
{"logTime": "0323/031058", "correlationVector":"BFDkFducuTyIQ3pUaKdgef.4","action":"ProcessGetUpdates", "result":"Done", "context":{"dataType":"History", "deleted":"0", "process_failed_to_decrypt":"0", "process_pending_decryption":"0", "process_success":"3", "total":"3"}}
{"logTime": "0323/031058", "correlationVector":"BFDkFducuTyIQ3pUaKdgef.5","action":"GetUpdates Response", "result":"Success", "context":Received 7 update(s). cV=BFDkFducuTyIQ3pUaKdgef.0;server=akswtt112000001;cloudType=Consumer;environment=Prod_southeastasia_prod-s01-064-apac-southeastasia;migrationStage=NotStarted}
{"logTime": "0323/031158", "correlationVector":"qvGbge26Nb7P0Qls5WcHFf","action":"Commit Request", "result":"", "context":Item count: 3
Contributing types: Sessions, History}
{"logTime": "0323/031159", "correlationVector":"qvGbge26Nb7P0Qls5WcHFf.1","action":"SyncServerConnectionManagerRequest", "result":"SYNC_SERVER_OK", "context":{"environment":"Prod_southeastasia_prod-s01-065-apac-southeastasia", "migrationStage":"NotStarted", "server":"akswtt11200000z"}}
{"logTime": "0323/031159", "correlationVector":"qvGbge26Nb7P0Qls5WcHFf.2","action":"Commit Response", "result":"Success", "context":Result: Success. cV=qvGbge26Nb7P0Qls5WcHFf.0;server=akswtt11200000z;cloudType=Consumer;environment=Prod_southeastasia_prod-s01-065-apac-southeastasia;migrationStage=NotStarted}
{"logTime": "0323/032431", "correlationVector":"kwdfVerolZUbL5croPuPBz.1","action":"SyncServerConnectionManagerRequest", "result":"SYNC_SERVER_OK", "context":{"environment":"Prod_southeastasia_prod-s01-065-apac-southeastasia", "migrationStage":"NotStarted", "server":"akswtt11200000m"}}
{"logTime": "0323/032431", "correlationVector":"kwdfVerolZUbL5croPuPBz.2","action":"ProcessGetUpdates", "result":"Done", "context":{"dataType":"Encryption Keys", "deleted":"0", "process_failed_to_decrypt":"0", "process_pending_decryption":"0", "process_success":"1", "total":"1"}}
{"logTime": "0323/032431", "correlationVector":"T8Gr0tCxcTRZmva1n2gmiO","action":"SyncServerConnectionManagerRequest", "result":"SYNC_SERVER_OK", "context":{"environment":"", "migrationStage":"", "server":""}}
{"logTime": "0323/032431", "correlationVector":"T8Gr0tCxcTRZmva1n2gmiO.0","action":"EncryptionKeysFetcher.DownloadKeys:", "result":"Success", "context":Key count: 5, Last key timestamp: 2025-11-27T08:34:58Z}
{"logTime": "0323/032431", "correlationVector":"T8Gr0tCxcTRZmva1n2gmiO.1","action":"EncryptionKeysManager::SetEncryptionKeys:", "result":"Success", "context":Key names[5]:[9H8q2Ig3q+fsQnSLTbYlelIXMuOypLpzKwb12P0V4uEASjYZChopzH/NSfuz6q6ky0E0ZjRXyleipY2Tr0pHkQ==][1TvG/6zE79ow3j6y4iclMjJIobEXo/UFEReO7Uqyn4WP+pF9xpt65XNc/McRAdqmP9xO+O8jENOmZu4wFKgnuw==][Nz3+hv1KPNJ4EPpGfvk4Kwm9h94G2Zy6RRRdpE4v6ifPUjHAUO78XjvdFh9Dv8eSoDO3VXM3Z2mmNGE7UpjmVQ==][WaNJZTkmW6Imrq/FT2F0RqROd/zABjmltDDTuS3XGnCVSgrd4Q28ChwdC79WbPoFZSxXQN9r9iuPbpRYBtRYew==][NAToMV8MRX7OW6kss4LxbuNSrwDoe6RVnHj3sxiyRob1hgVTexkfQ3MVDfa5/2HgMmiddfkt2gb/Qo8B3PvpHw==]}
{"logTime": "0323/032431", "correlationVector":"T8Gr0tCxcTRZmva1n2gmiO.2","action":"EncryptionKeysManager::SetEncryptionKeysWithTimestamps:", "result":"Success", "context":Key timestamps[5]:[2024-04-29T04:07:45Z][2024-10-28T07:18:05Z][2024-11-19T11:24:31Z][2025-05-31T01:20:15Z][2025-11-27T08:34:58Z]}
{"logTime": "0323/032431", "correlationVector":"kwdfVerolZUbL5croPuPBz","action":"Initial GetUpdates", "result":"", "context":Reason: NEW_CLIENT. cV=kwdfVerolZUbL5croPuPBz}
{"logTime": "0323/032431", "correlationVector":"kwdfVerolZUbL5croPuPBz.3","action":"GetUpdates Response", "result":"Success", "context":Received 1 update(s). cV=kwdfVerolZUbL5croPuPBz.0;server=akswtt11200000m;cloudType=Consumer;environment=Prod_southeastasia_prod-s01-065-apac-southeastasia;migrationStage=NotStarted}
{"logTime": "0323/032431", "correlationVector":"JJK4lvuLmRT3zd4Yf6MJlP","action":"Initial GetUpdates", "result":"", "context":Reason: NEWLY_SUPPORTED_DATATYPE. cV=JJK4lvuLmRT3zd4Yf6MJlP}
{"logTime": "0323/032432", "correlationVector":"JJK4lvuLmRT3zd4Yf6MJlP.1","action":"SyncServerConnectionManagerRequest", "result":"SYNC_SERVER_OK", "context":{"environment":"Prod_southeastasia_prod-s01-065-apac-southeastasia", "migrationStage":"NotStarted", "server":"akswtt11200000r"}}
{"logTime": "0323/032432", "correlationVector":"JJK4lvuLmRT3zd4Yf6MJlP.2","action":"ProcessGetUpdates", "result":"Done", "context":{"dataType":"Preferences", "deleted":"0", "process_failed_to_decrypt":"0", "process_pending_decryption":"0", "process_success":"51", "total":"51"}}
{"logTime": "0323/032432", "correlationVector":"JJK4lvuLmRT3zd4Yf6MJlP.3","action":"ProcessGetUpdates", "result":"Done", "context":{"dataType":"Device Info", "deleted":"0", "process_failed_to_decrypt":"0", "process_pending_decryption":"0", "process_success":"7", "total":"7"}}
{"logTime": "0323/032432", "correlationVector":"JJK4lvuLmRT3zd4Yf6MJlP.4","action":"GetUpdates Response", "result":"Success", "context":Received 58 update(s). cV=JJK4lvuLmRT3zd4Yf6MJlP.0;server=akswtt11200000r;cloudType=Consumer;environment=Prod_southeastasia_prod-s01-065-apac-southeastasia;migrationStage=NotStarted}
{"logTime": "0323/032432", "correlationVector":"W3kZmUs7RSOOrzTHZrH/tQ","action":"Initial GetUpdates", "result":"", "context":Reason: NEWLY_SUPPORTED_DATATYPE. cV=W3kZmUs7RSOOrzTHZrH/tQ}
{"logTime": "0323/032432", "correlationVector":"W3kZmUs7RSOOrzTHZrH/tQ.1","action":"SyncServerConnectionManagerRequest", "result":"SYNC_SERVER_OK", "context":{"environment":"Prod_southeastasia_prod-s01-065-apac-southeastasia", "migrationStage":"NotStarted", "server":"akswtt11200000r"}}
{"logTime": "0323/032432", "correlationVector":"W3kZmUs7RSOOrzTHZrH/tQ.2","action":"ProcessGetUpdates", "result":"Done", "context":{"dataType":"Bookmarks", "deleted":"0", "process_failed_to_decrypt":"0", "process_pending_decryption":"0", "process_success":"6", "total":"6"}}
{"logTime": "0323/032432", "correlationVector":"W3kZmUs7RSOOrzTHZrH/tQ.3","action":"GetUpdates Response", "result":"Success", "context":Received 6 update(s). cV=W3kZmUs7RSOOrzTHZrH/tQ.0;server=akswtt11200000r;cloudType=Consumer;environment=Prod_southeastasia_prod-s01-065-apac-southeastasia;migrationStage=NotStarted}
{"logTime": "0323/032432", "correlationVector":"0xcHc2hVhALT+rk6SjSCSL","action":"Initial GetUpdates", "result":"", "context":Reason: NEWLY_SUPPORTED_DATATYPE. cV=0xcHc2hVhALT+rk6SjSCSL}
{"logTime": "0323/032432", "correlationVector":"0xcHc2hVhALT+rk6SjSCSL.1","action":"SyncServerConnectionManagerRequest", "result":"SYNC_SERVER_OK", "context":{"environment":"Prod_southeastasia_prod-s01-065-apac-southeastasia", "migrationStage":"NotStarted", "server":"akswtt11200000r"}}
{"logTime": "0323/032432", "correlationVector":"0xcHc2hVhALT+rk6SjSCSL.2","action":"ProcessGetUpdates", "result":"Done", "context":{"dataType":"Autofill Profiles", "deleted":"1", "process_failed_to_decrypt":"0", "process_pending_decryption":"0", "process_success":"1", "total":"1"}}
{"logTime": "0323/032432", "correlationVector":"0xcHc2hVhALT+rk6SjSCSL.3","action":"ProcessGetUpdates", "result":"Done", "context":{"dataType":"Autofill", "deleted":"0", "process_failed_to_decrypt":"0", "process_pending_decryption":"0", "process_success":"3", "total":"3"}}
{"logTime": "0323/032432", "correlationVector":"0xcHc2hVhALT+rk6SjSCSL.4","action":"ProcessGetUpdates", "result":"Done", "context":{"dataType":"Sessions", "deleted":"5", "process_failed_to_decrypt":"0", "process_pending_decryption":"0", "process_success":"12", "total":"12"}}
{"logTime": "0323/032432", "correlationVector":"0xcHc2hVhALT+rk6SjSCSL.5","action":"GetUpdates Response", "result":"Success", "context":Received 16 update(s). cV=0xcHc2hVhALT+rk6SjSCSL.0;server=akswtt11200000r;cloudType=Consumer;environment=Prod_southeastasia_prod-s01-065-apac-southeastasia;migrationStage=NotStarted}
{"logTime": "0323/032432", "correlationVector":"W3CMnnBslliasdStroNRTq","action":"Initial GetUpdates", "result":"", "context":Reason: NEWLY_SUPPORTED_DATATYPE. cV=W3CMnnBslliasdStroNRTq}
{"logTime": "0323/032433", "correlationVector":"W3CMnnBslliasdStroNRTq.1","action":"SyncServerConnectionManagerRequest", "result":"SYNC_SERVER_OK", "context":{"environment":"Prod_southeastasia_prod-s01-065-apac-southeastasia", "migrationStage":"NotStarted", "server":"akswtt11200000j"}}
{"logTime": "0323/032433", "correlationVector":"W3CMnnBslliasdStroNRTq.2","action":"ProcessGetUpdates", "result":"Done", "context":{"dataType":"History", "deleted":"0", "process_failed_to_decrypt":"0", "process_pending_decryption":"0", "process_success":"14", "total":"14"}}
{"logTime": "0323/032433", "correlationVector":"W3CMnnBslliasdStroNRTq.3","action":"GetUpdates Response", "result":"Success", "context":Received 14 update(s). cV=W3CMnnBslliasdStroNRTq.0;server=akswtt11200000j;cloudType=Consumer;environment=Prod_southeastasia_prod-s01-065-apac-southeastasia;migrationStage=NotStarted}
{"logTime": "0323/032433", "correlationVector":"9ZZFoz4CPUNYWKLUN7xGbk","action":"Normal GetUpdate request", "result":"", "context":cV=9ZZFoz4CPUNYWKLUN7xGbk
Nudged types: Sessions, Device Info
Refresh requested types: Bookmarks, Preferences, Passwords, Autofill Profiles, Autofill, Extensions, Sessions, Extension settings, History Delete Directives, Device Info, User Consents, Send Tab To Self, Web Apps, History, Saved Tab Group, WebAuthn Credentials, Collection, Edge E Drop, Edge Hub App Usage, Edge Wallet, Edge Workspace, Encryption Keys}
{"logTime": "0323/032433", "correlationVector":"9ZZFoz4CPUNYWKLUN7xGbk.1","action":"SyncServerConnectionManagerRequest", "result":"SYNC_SERVER_OK", "context":{"environment":"Prod_southeastasia_prod-s01-065-apac-southeastasia", "migrationStage":"NotStarted", "server":"akswtt11200000z"}}
{"logTime": "0323/032433", "correlationVector":"9ZZFoz4CPUNYWKLUN7xGbk.2","action":"GetUpdates Response", "result":"Success", "context":Received 0 update(s). cV=9ZZFoz4CPUNYWKLUN7xGbk.0;server=akswtt11200000z;cloudType=Consumer;environment=Prod_southeastasia_prod-s01-065-apac-southeastasia;migrationStage=NotStarted}
{"logTime": "0323/032434", "correlationVector":"5Aon27ihHT2QcptYH2Sy1L","action":"Commit Request", "result":"", "context":Item count: 3
Contributing types: Sessions, Device Info}
{"logTime": "0323/032434", "correlationVector":"5Aon27ihHT2QcptYH2Sy1L.1","action":"SyncServerConnectionManagerRequest", "result":"SYNC_SERVER_OK", "context":{"environment":"Prod_southeastasia_prod-s01-065-apac-southeastasia", "migrationStage":"NotStarted", "server":"akswtt112000007"}}
{"logTime": "0323/032434", "correlationVector":"5Aon27ihHT2QcptYH2Sy1L.2","action":"Commit Response", "result":"Success", "context":Result: Success. cV=5Aon27ihHT2QcptYH2Sy1L.0;server=akswtt112000007;cloudType=Consumer;environment=Prod_southeastasia_prod-s01-065-apac-southeastasia;migrationStage=NotStarted}
{"logTime": "0323/032538", "correlationVector":"4vZOpmIKULru6cB7xw4cUS","action":"Commit Request", "result":"", "context":Item count: 3
Contributing types: Sessions, History}
{"logTime": "0323/032539", "correlationVector":"4vZOpmIKULru6cB7xw4cUS.1","action":"SyncServerConnectionManagerRequest", "result":"SYNC_SERVER_OK", "context":{"environment":"Prod_southeastasia_prod-s01-065-apac-southeastasia", "migrationStage":"NotStarted", "server":"akswtt112000011"}}
{"logTime": "0323/032539", "correlationVector":"4vZOpmIKULru6cB7xw4cUS.2","action":"Commit Response", "result":"Success", "context":Result: Success. cV=4vZOpmIKULru6cB7xw4cUS.0;server=akswtt112000011;cloudType=Consumer;environment=Prod_southeastasia_prod-s01-065-apac-southeastasia;migrationStage=NotStarted}
{"logTime": "0323/042643", "correlationVector":"DXhQAkBOuNNbDrHZi4ehB6.1","action":"SyncServerConnectionManagerRequest", "result":"SYNC_SERVER_OK", "context":{"environment":"Prod_southeastasia_prod-s01-065-apac-southeastasia", "migrationStage":"NotStarted", "server":"akswtt112000000"}}
{"logTime": "0323/042643", "correlationVector":"DXhQAkBOuNNbDrHZi4ehB6.2","action":"ProcessGetUpdates", "result":"Done", "context":{"dataType":"Encryption Keys", "deleted":"0", "process_failed_to_decrypt":"0", "process_pending_decryption":"0", "process_success":"1", "total":"1"}}
{"logTime": "0323/042644", "correlationVector":"VRURDC2KePbdDCG16zY2zW","action":"SyncServerConnectionManagerRequest", "result":"SYNC_SERVER_OK", "context":{"environment":"", "migrationStage":"", "server":""}}
{"logTime": "0323/042644", "correlationVector":"VRURDC2KePbdDCG16zY2zW.0","action":"EncryptionKeysFetcher.DownloadKeys:", "result":"Success", "context":Key count: 5, Last key timestamp: 2025-11-27T08:34:58Z}
{"logTime": "0323/042644", "correlationVector":"VRURDC2KePbdDCG16zY2zW.1","action":"EncryptionKeysManager::SetEncryptionKeys:", "result":"Success", "context":Key names[5]:[9H8q2Ig3q+fsQnSLTbYlelIXMuOypLpzKwb12P0V4uEASjYZChopzH/NSfuz6q6ky0E0ZjRXyleipY2Tr0pHkQ==][1TvG/6zE79ow3j6y4iclMjJIobEXo/UFEReO7Uqyn4WP+pF9xpt65XNc/McRAdqmP9xO+O8jENOmZu4wFKgnuw==][Nz3+hv1KPNJ4EPpGfvk4Kwm9h94G2Zy6RRRdpE4v6ifPUjHAUO78XjvdFh9Dv8eSoDO3VXM3Z2mmNGE7UpjmVQ==][WaNJZTkmW6Imrq/FT2F0RqROd/zABjmltDDTuS3XGnCVSgrd4Q28ChwdC79WbPoFZSxXQN9r9iuPbpRYBtRYew==][NAToMV8MRX7OW6kss4LxbuNSrwDoe6RVnHj3sxiyRob1hgVTexkfQ3MVDfa5/2HgMmiddfkt2gb/Qo8B3PvpHw==]}
{"logTime": "0323/042644", "correlationVector":"VRURDC2KePbdDCG16zY2zW.2","action":"EncryptionKeysManager::SetEncryptionKeysWithTimestamps:", "result":"Success", "context":Key timestamps[5]:[2024-04-29T04:07:45Z][2024-10-28T07:18:05Z][2024-11-19T11:24:31Z][2025-05-31T01:20:15Z][2025-11-27T08:34:58Z]}
{"logTime": "0323/042644", "correlationVector":"DXhQAkBOuNNbDrHZi4ehB6","action":"Initial GetUpdates", "result":"", "context":Reason: NEW_CLIENT. cV=DXhQAkBOuNNbDrHZi4ehB6}
{"logTime": "0323/042644", "correlationVector":"DXhQAkBOuNNbDrHZi4ehB6.3","action":"GetUpdates Response", "result":"Success", "context":Received 1 update(s). cV=DXhQAkBOuNNbDrHZi4ehB6.0;server=akswtt112000000;cloudType=Consumer;environment=Prod_southeastasia_prod-s01-065-apac-southeastasia;migrationStage=NotStarted}
{"logTime": "0323/042644", "correlationVector":"wYRBqD0OFofQoE0+Tqa48w","action":"Normal GetUpdate request", "result":"", "context":cV=wYRBqD0OFofQoE0+Tqa48w
Nudged types: Sessions, Device Info, History
Refresh requested types: Bookmarks, Preferences, Passwords, Autofill Profiles, Autofill, Extensions, Sessions, Extension settings, History Delete Directives, Device Info, User Consents, Send Tab To Self, Web Apps, History, Saved Tab Group, WebAuthn Credentials, Collection, Edge E Drop, Edge Hub App Usage, Edge Wallet, Edge Workspace, Encryption Keys}
{"logTime": "0323/042644", "correlationVector":"wYRBqD0OFofQoE0+Tqa48w.1","action":"SyncServerConnectionManagerRequest", "result":"SYNC_SERVER_OK", "context":{"environment":"Prod_southeastasia_prod-s01-065-apac-southeastasia", "migrationStage":"NotStarted", "server":"akswtt11200000j"}}
{"logTime": "0323/042644", "correlationVector":"wYRBqD0OFofQoE0+Tqa48w.2","action":"ProcessGetUpdates", "result":"Done", "context":{"dataType":"Sessions", "deleted":"0", "process_failed_to_decrypt":"0", "process_pending_decryption":"0", "process_success":"2", "total":"2"}}
{"logTime": "0323/042644", "correlationVector":"wYRBqD0OFofQoE0+Tqa48w.3","action":"ProcessGetUpdates", "result":"Done", "context":{"dataType":"Device Info", "deleted":"0", "process_failed_to_decrypt":"0", "process_pending_decryption":"0", "process_success":"2", "total":"2"}}
{"logTime": "0323/042644", "correlationVector":"wYRBqD0OFofQoE0+Tqa48w.4","action":"ProcessGetUpdates", "result":"Done", "context":{"dataType":"History", "deleted":"0", "process_failed_to_decrypt":"0", "process_pending_decryption":"0", "process_success":"2", "total":"2"}}
{"logTime": "0323/042644", "correlationVector":"wYRBqD0OFofQoE0+Tqa48w.5","action":"GetUpdates Response", "result":"Success", "context":Received 6 update(s). cV=wYRBqD0OFofQoE0+Tqa48w.0;server=akswtt11200000j;cloudType=Consumer;environment=Prod_southeastasia_prod-s01-065-apac-southeastasia;migrationStage=NotStarted}
{"logTime": "0323/042644", "correlationVector":"/iONolZTB/XPpXl4ogyD6/","action":"Commit Request", "result":"", "context":Item count: 5
Contributing types: Sessions, Device Info, History}
{"logTime": "0323/042645", "correlationVector":"/iONolZTB/XPpXl4ogyD6/.1","action":"SyncServerConnectionManagerRequest", "result":"SYNC_SERVER_OK", "context":{"environment":"Prod_southeastasia_prod-s01-065-apac-southeastasia", "migrationStage":"NotStarted", "server":"akswtt11200000n"}}
{"logTime": "0323/042645", "correlationVector":"/iONolZTB/XPpXl4ogyD6/.3","action":"Commit.Sessions", "result":"Success", "context":{"id":"f4af5104-8212-401f-a804-bb8a4e1777da", "isDeleted":"true", "size":"0", "version":"1774236340079"}}
{"logTime": "0323/042645", "correlationVector":"/iONolZTB/XPpXl4ogyD6/.2","action":"Commit Response", "result":"Success", "context":Result: Success. cV=/iONolZTB/XPpXl4ogyD6/.0;server=akswtt11200000n;cloudType=Consumer;environment=Prod_southeastasia_prod-s01-065-apac-southeastasia;migrationStage=NotStarted}
{"logTime": "0323/042748", "correlationVector":"mRoqDnPrscuNMwDr/8PC+S","action":"Commit Request", "result":"", "context":Item count: 2
Contributing types: Sessions, History}
{"logTime": "0323/042749", "correlationVector":"mRoqDnPrscuNMwDr/8PC+S.1","action":"SyncServerConnectionManagerRequest", "result":"SYNC_SERVER_OK", "context":{"environment":"Prod_southeastasia_prod-s01-065-apac-southeastasia", "migrationStage":"NotStarted", "server":"akswtt112000004"}}
{"logTime": "0323/042749", "correlationVector":"mRoqDnPrscuNMwDr/8PC+S.2","action":"Commit Response", "result":"Success", "context":Result: Success. cV=mRoqDnPrscuNMwDr/8PC+S.0;server=akswtt112000004;cloudType=Consumer;environment=Prod_southeastasia_prod-s01-065-apac-southeastasia;migrationStage=NotStarted}
{"logTime": "0323/043758", "correlationVector":"VSYMeRZCoQ+iKB+YckFXFe.1","action":"SyncServerConnectionManagerRequest", "result":"SYNC_SERVER_OK", "context":{"environment":"Prod_southeastasia_prod-s01-064-apac-southeastasia", "migrationStage":"NotStarted", "server":"akswtt11200000u"}}
{"logTime": "0323/043758", "correlationVector":"VSYMeRZCoQ+iKB+YckFXFe.2","action":"ProcessGetUpdates", "result":"Done", "context":{"dataType":"Encryption Keys", "deleted":"0", "process_failed_to_decrypt":"0", "process_pending_decryption":"0", "process_success":"1", "total":"1"}}
{"logTime": "0323/043758", "correlationVector":"0MTOUEPSgoPkz+xOSU0Dz2","action":"SyncServerConnectionManagerRequest", "result":"SYNC_SERVER_OK", "context":{"environment":"", "migrationStage":"", "server":""}}
{"logTime": "0323/043758", "correlationVector":"0MTOUEPSgoPkz+xOSU0Dz2.0","action":"EncryptionKeysFetcher.DownloadKeys:", "result":"Success", "context":Key count: 5, Last key timestamp: 2025-11-27T08:34:58Z}
{"logTime": "0323/043758", "correlationVector":"0MTOUEPSgoPkz+xOSU0Dz2.1","action":"EncryptionKeysManager::SetEncryptionKeys:", "result":"Success", "context":Key names[5]:[9H8q2Ig3q+fsQnSLTbYlelIXMuOypLpzKwb12P0V4uEASjYZChopzH/NSfuz6q6ky0E0ZjRXyleipY2Tr0pHkQ==][1TvG/6zE79ow3j6y4iclMjJIobEXo/UFEReO7Uqyn4WP+pF9xpt65XNc/McRAdqmP9xO+O8jENOmZu4wFKgnuw==][Nz3+hv1KPNJ4EPpGfvk4Kwm9h94G2Zy6RRRdpE4v6ifPUjHAUO78XjvdFh9Dv8eSoDO3VXM3Z2mmNGE7UpjmVQ==][WaNJZTkmW6Imrq/FT2F0RqROd/zABjmltDDTuS3XGnCVSgrd4Q28ChwdC79WbPoFZSxXQN9r9iuPbpRYBtRYew==][NAToMV8MRX7OW6kss4LxbuNSrwDoe6RVnHj3sxiyRob1hgVTexkfQ3MVDfa5/2HgMmiddfkt2gb/Qo8B3PvpHw==]}
{"logTime": "0323/043758", "correlationVector":"0MTOUEPSgoPkz+xOSU0Dz2.2","action":"EncryptionKeysManager::SetEncryptionKeysWithTimestamps:", "result":"Success", "context":Key timestamps[5]:[2024-04-29T04:07:45Z][2024-10-28T07:18:05Z][2024-11-19T11:24:31Z][2025-05-31T01:20:15Z][2025-11-27T08:34:58Z]}
{"logTime": "0323/043758", "correlationVector":"VSYMeRZCoQ+iKB+YckFXFe","action":"Initial GetUpdates", "result":"", "context":Reason: NEW_CLIENT. cV=VSYMeRZCoQ+iKB+YckFXFe}
{"logTime": "0323/043758", "correlationVector":"VSYMeRZCoQ+iKB+YckFXFe.3","action":"GetUpdates Response", "result":"Success", "context":Received 1 update(s). cV=VSYMeRZCoQ+iKB+YckFXFe.0;server=akswtt11200000u;cloudType=Consumer;environment=Prod_southeastasia_prod-s01-064-apac-southeastasia;migrationStage=NotStarted}
{"logTime": "0323/043758", "correlationVector":"Y2XofctCr3pw124xDwu1Pu","action":"Initial GetUpdates", "result":"", "context":Reason: NEWLY_SUPPORTED_DATATYPE. cV=Y2XofctCr3pw124xDwu1Pu}
{"logTime": "0323/043758", "correlationVector":"Y2XofctCr3pw124xDwu1Pu.1","action":"SyncServerConnectionManagerRequest", "result":"SYNC_SERVER_OK", "context":{"environment":"Prod_southeastasia_prod-s01-064-apac-southeastasia", "migrationStage":"NotStarted", "server":"akswtt112000000"}}
{"logTime": "0323/043758", "correlationVector":"Y2XofctCr3pw124xDwu1Pu.2","action":"ProcessGetUpdates", "result":"Done", "context":{"dataType":"Preferences", "deleted":"0", "process_failed_to_decrypt":"0", "process_pending_decryption":"0", "process_success":"51", "total":"51"}}
{"logTime": "0323/043758", "correlationVector":"Y2XofctCr3pw124xDwu1Pu.3","action":"ProcessGetUpdates", "result":"Done", "context":{"dataType":"Device Info", "deleted":"0", "process_failed_to_decrypt":"0", "process_pending_decryption":"0", "process_success":"7", "total":"7"}}
{"logTime": "0323/043758", "correlationVector":"Y2XofctCr3pw124xDwu1Pu.4","action":"GetUpdates Response", "result":"Success", "context":Received 58 update(s). cV=Y2XofctCr3pw124xDwu1Pu.0;server=akswtt112000000;cloudType=Consumer;environment=Prod_southeastasia_prod-s01-064-apac-southeastasia;migrationStage=NotStarted}
{"logTime": "0323/043758", "correlationVector":"qQn+4VupikBSzX/8bnRIIk","action":"Initial GetUpdates", "result":"", "context":Reason: NEWLY_SUPPORTED_DATATYPE. cV=qQn+4VupikBSzX/8bnRIIk}
{"logTime": "0323/043759", "correlationVector":"qQn+4VupikBSzX/8bnRIIk.1","action":"SyncServerConnectionManagerRequest", "result":"SYNC_SERVER_OK", "context":{"environment":"Prod_southeastasia_prod-s01-064-apac-southeastasia", "migrationStage":"NotStarted", "server":"akswtt11200000e"}}
{"logTime": "0323/043759", "correlationVector":"qQn+4VupikBSzX/8bnRIIk.2","action":"ProcessGetUpdates", "result":"Done", "context":{"dataType":"Bookmarks", "deleted":"0", "process_failed_to_decrypt":"0", "process_pending_decryption":"0", "process_success":"6", "total":"6"}}
{"logTime": "0323/043759", "correlationVector":"qQn+4VupikBSzX/8bnRIIk.3","action":"GetUpdates Response", "result":"Success", "context":Received 6 update(s). cV=qQn+4VupikBSzX/8bnRIIk.0;server=akswtt11200000e;cloudType=Consumer;environment=Prod_southeastasia_prod-s01-064-apac-southeastasia;migrationStage=NotStarted}
{"logTime": "0323/043759", "correlationVector":"dYqs+eJlbyxHh+flxsRavH","action":"Initial GetUpdates", "result":"", "context":Reason: NEWLY_SUPPORTED_DATATYPE. cV=dYqs+eJlbyxHh+flxsRavH}
{"logTime": "0323/043759", "correlationVector":"dYqs+eJlbyxHh+flxsRavH.1","action":"SyncServerConnectionManagerRequest", "result":"SYNC_SERVER_OK", "context":{"environment":"Prod_southeastasia_prod-s01-064-apac-southeastasia", "migrationStage":"NotStarted", "server":"akswtt11200000u"}}
{"logTime": "0323/043759", "correlationVector":"dYqs+eJlbyxHh+flxsRavH.2","action":"ProcessGetUpdates", "result":"Done", "context":{"dataType":"Autofill Profiles", "deleted":"1", "process_failed_to_decrypt":"0", "process_pending_decryption":"0", "process_success":"1", "total":"1"}}
{"logTime": "0323/043759", "correlationVector":"dYqs+eJlbyxHh+flxsRavH.3","action":"ProcessGetUpdates", "result":"Done", "context":{"dataType":"Autofill", "deleted":"0", "process_failed_to_decrypt":"0", "process_pending_decryption":"0", "process_success":"3", "total":"3"}}
{"logTime": "0323/043759", "correlationVector":"dYqs+eJlbyxHh+flxsRavH.4","action":"ProcessGetUpdates", "result":"Done", "context":{"dataType":"Sessions", "deleted":"6", "process_failed_to_decrypt":"0", "process_pending_decryption":"0", "process_success":"14", "total":"14"}}
{"logTime": "0323/043759", "correlationVector":"dYqs+eJlbyxHh+flxsRavH.5","action":"GetUpdates Response", "result":"Success", "context":Received 18 update(s). cV=dYqs+eJlbyxHh+flxsRavH.0;server=akswtt11200000u;cloudType=Consumer;environment=Prod_southeastasia_prod-s01-064-apac-southeastasia;migrationStage=NotStarted}
{"logTime": "0323/043759", "correlationVector":"WYl+2gdkgQZAYeZBOC+Pv4","action":"Initial GetUpdates", "result":"", "context":Reason: NEWLY_SUPPORTED_DATATYPE. cV=WYl+2gdkgQZAYeZBOC+Pv4}
{"logTime": "0323/043759", "correlationVector":"WYl+2gdkgQZAYeZBOC+Pv4.1","action":"SyncServerConnectionManagerRequest", "result":"SYNC_SERVER_OK", "context":{"environment":"Prod_southeastasia_prod-s01-064-apac-southeastasia", "migrationStage":"NotStarted", "server":"akswtt112000008"}}
{"logTime": "0323/043759", "correlationVector":"WYl+2gdkgQZAYeZBOC+Pv4.2","action":"ProcessGetUpdates", "result":"Done", "context":{"dataType":"History", "deleted":"0", "process_failed_to_decrypt":"0", "process_pending_decryption":"0", "process_success":"18", "total":"18"}}
{"logTime": "0323/043759", "correlationVector":"WYl+2gdkgQZAYeZBOC+Pv4.3","action":"GetUpdates Response", "result":"Success", "context":Received 18 update(s). cV=WYl+2gdkgQZAYeZBOC+Pv4.0;server=akswtt112000008;cloudType=Consumer;environment=Prod_southeastasia_prod-s01-064-apac-southeastasia;migrationStage=NotStarted}
{"logTime": "0323/043759", "correlationVector":"4NTRP/emvWTx36wJqXZUe4","action":"Normal GetUpdate request", "result":"", "context":cV=4NTRP/emvWTx36wJqXZUe4
Nudged types: Sessions, Device Info
Refresh requested types: Bookmarks, Preferences, Passwords, Autofill Profiles, Autofill, Extensions, Sessions, Extension settings, History Delete Directives, Device Info, User Consents, Send Tab To Self, Web Apps, History, Saved Tab Group, WebAuthn Credentials, Collection, Edge E Drop, Edge Hub App Usage, Edge Wallet, Edge Workspace, Encryption Keys}
{"logTime": "0323/043800", "correlationVector":"4NTRP/emvWTx36wJqXZUe4.1","action":"SyncServerConnectionManagerRequest", "result":"SYNC_SERVER_OK", "context":{"environment":"Prod_southeastasia_prod-s01-064-apac-southeastasia", "migrationStage":"NotStarted", "server":"akswtt112000009"}}
{"logTime": "0323/043800", "correlationVector":"4NTRP/emvWTx36wJqXZUe4.2","action":"GetUpdates Response", "result":"Success", "context":Received 0 update(s). cV=4NTRP/emvWTx36wJqXZUe4.0;server=akswtt112000009;cloudType=Consumer;environment=Prod_southeastasia_prod-s01-064-apac-southeastasia;migrationStage=NotStarted}
{"logTime": "0323/043800", "correlationVector":"gFVs4mJ2yLY6H7zbMhXSsx","action":"Commit Request", "result":"", "context":Item count: 3
Contributing types: Sessions, Device Info}
{"logTime": "0323/043801", "correlationVector":"gFVs4mJ2yLY6H7zbMhXSsx.1","action":"SyncServerConnectionManagerRequest", "result":"SYNC_SERVER_OK", "context":{"environment":"Prod_southeastasia_prod-s01-064-apac-southeastasia", "migrationStage":"NotStarted", "server":"akswtt112000002"}}
{"logTime": "0323/043801", "correlationVector":"gFVs4mJ2yLY6H7zbMhXSsx.2","action":"Commit Response", "result":"Success", "context":Result: Success. cV=gFVs4mJ2yLY6H7zbMhXSsx.0;server=akswtt112000002;cloudType=Consumer;environment=Prod_southeastasia_prod-s01-064-apac-southeastasia;migrationStage=NotStarted}
{"logTime": "0323/043901", "correlationVector":"fzQlNT8tLFibXJeN7h/yqN","action":"Commit Request", "result":"", "context":Item count: 2
Contributing types: Sessions, History}
{"logTime": "0323/043902", "correlationVector":"fzQlNT8tLFibXJeN7h/yqN.1","action":"SyncServerConnectionManagerRequest", "result":"SYNC_SERVER_OK", "context":{"environment":"Prod_southeastasia_prod-s01-064-apac-southeastasia", "migrationStage":"NotStarted", "server":"akswtt112000004"}}
{"logTime": "0323/043902", "correlationVector":"fzQlNT8tLFibXJeN7h/yqN.2","action":"Commit Response", "result":"Success", "context":Result: Success. cV=fzQlNT8tLFibXJeN7h/yqN.0;server=akswtt112000004;cloudType=Consumer;environment=Prod_southeastasia_prod-s01-064-apac-southeastasia;migrationStage=NotStarted}
