2026-03-22 13:06:13.118: [INFO][Sync] Reset engine, reason: 8
2026-03-22 13:06:13.118: [INFO][Sync] Stopped: Bookmarks
2026-03-22 13:06:13.118: [INFO][Sync] Stopped: Preferences
2026-03-22 13:06:13.118: [INFO][Sync] Stopped: Passwords
2026-03-22 13:06:13.118: [INFO][Sync] Stopped: Autofill Profiles
2026-03-22 13:06:13.118: [INFO][Sync] Stopped: Autofill
2026-03-22 13:06:13.118: [INFO][Sync] Stopped: Extensions
2026-03-22 13:06:13.118: [INFO][Sync] Stopped: Sessions
2026-03-22 13:06:13.118: [INFO][Sync] Stopped: Extension settings
2026-03-22 13:06:13.118: [INFO][Sync] Stopped: History Delete Directives
2026-03-22 13:06:13.118: [INFO][Sync] Stopped: Device Info
2026-03-22 13:06:13.118: [INFO][Sync] Stopped: User Consents
2026-03-22 13:06:13.118: [INFO][Sync] Stopped: Send Tab To Self
2026-03-22 13:06:13.118: [INFO][Sync] Stopped: Web Apps
2026-03-22 13:06:13.118: [INFO][Sync] Stopped: History
2026-03-22 13:06:13.118: [INFO][Sync] Stopped: Saved Tab Group
2026-03-22 13:06:13.118: [INFO][Sync] Stopped: WebAuthn Credentials
2026-03-22 13:06:13.118: [INFO][Sync] Stopped: Collection
2026-03-22 13:06:13.118: [INFO][Sync] Stopped: Edge E Drop
2026-03-22 13:06:13.118: [INFO][Sync] Stopped: Edge Hub App Usage
2026-03-22 13:06:13.118: [INFO][Sync] Stopped: Edge Wallet
2026-03-22 13:06:13.118: [INFO][Sync] Stopped: Edge Workspace
2026-03-22 13:06:13.119: [INFO][Sync] SyncState after authenticated was: NotSignedIn
2026-03-22 13:06:13.727: [INFO][Sync] Reset engine, reason: 8
2026-03-22 13:06:13.727: [INFO][Sync] Stopped: Bookmarks
2026-03-22 13:06:13.727: [INFO][Sync] Stopped: Preferences
2026-03-22 13:06:13.727: [INFO][Sync] Stopped: Passwords
2026-03-22 13:06:13.727: [INFO][Sync] Stopped: Autofill Profiles
2026-03-22 13:06:13.727: [INFO][Sync] Stopped: Autofill
2026-03-22 13:06:13.727: [INFO][Sync] Stopped: Extensions
2026-03-22 13:06:13.727: [INFO][Sync] Stopped: Sessions
2026-03-22 13:06:13.727: [INFO][Sync] Stopped: Extension settings
2026-03-22 13:06:13.727: [INFO][Sync] Stopped: History Delete Directives
2026-03-22 13:06:13.727: [INFO][Sync] Stopped: Device Info
2026-03-22 13:06:13.727: [INFO][Sync] Stopped: User Consents
2026-03-22 13:06:13.727: [INFO][Sync] Stopped: Send Tab To Self
2026-03-22 13:06:13.727: [INFO][Sync] Stopped: Web Apps
2026-03-22 13:06:13.727: [INFO][Sync] Stopped: History
2026-03-22 13:06:13.727: [INFO][Sync] Stopped: Saved Tab Group
2026-03-22 13:06:13.727: [INFO][Sync] Stopped: WebAuthn Credentials
2026-03-22 13:06:13.727: [INFO][Sync] Stopped: Collection
2026-03-22 13:06:13.727: [INFO][Sync] Stopped: Edge E Drop
2026-03-22 13:06:13.727: [INFO][Sync] Stopped: Edge Hub App Usage
2026-03-22 13:06:13.727: [INFO][Sync] Stopped: Edge Wallet
2026-03-22 13:06:13.727: [INFO][Sync] Stopped: Edge Workspace
2026-03-22 13:06:17.395: [INFO][Sync] Try to start sync engine
2026-03-22 13:06:17.397: [INFO][SyncManagerImpl::NudgeForInitialDownload] Initial download nudge for Encryption Keys
2026-03-22 13:06:17.397: [INFO][SyncEngineBackend::LoadAndConnectNigoriController] Load and connect Nigori controller
2026-03-22 13:06:17.397: [INFO][SyncEngineBackend::DoInitialize] Control Types added: Encryption Keys
2026-03-22 13:06:17.397: [INFO][SyncManagerImpl::ConfigureSyncer] Types to download: Encryption Keys with reason: 3
2026-03-22 13:06:17.397: [INFO][SyncSchedulerImpl::DoConfigurationSyncCycleJob] Configure job was blocked
2026-03-22 13:06:17.453: [INFO][SyncAuthManager::SetLastAuthError] Current auth error: None
2026-03-22 13:06:17.453: [INFO][SyncAuthManager::EdgeLogTokenErrorState] Token error with: None for account type: MSA
2026-03-22 13:06:17.453: [INFO][Sync] Credentials changed for: EdgeSyncScopeNew
2026-03-22 13:06:18.677: [INFO][SyncAuthManager::SetLastAuthError] Current auth error: None
2026-03-22 13:06:18.678: [INFO][SyncAuthManager::EdgeLogTokenErrorState] Token error with: None for account type: MSA
2026-03-22 13:06:18.678: [INFO][Sync] Credentials changed for: EdgeSyncKeyDataScope
2026-03-22 13:06:18.678: [INFO][SyncEngineBackend::DoUpdateKeyDataCredentials] Update key data credentials
2026-03-22 13:06:18.678: [INFO][SyncEngineBackend::DoUpdateCredentials] Update credentials
2026-03-22 13:06:18.678: [INFO][SyncSchedulerImpl::DoConfigurationSyncCycleJob] Blocked types:  and types to download: Encryption Keys
2026-03-22 13:06:19.435: [INFO][Sync] Started DataTypeManager configuration, reason: 4
2026-03-22 13:06:19.435: [INFO][Sync] Configuring for: Bookmarks, Preferences, Passwords, Autofill Profiles, Autofill, Extensions, Sessions, Extension settings, History Delete Directives, Device Info, User Consents, Send Tab To Self, Web Apps, History, Saved Tab Group, WebAuthn Credentials, Collection, Edge E Drop, Edge Hub App Usage, Edge Wallet, Edge Workspace, Encryption Keys, reason: 3, current state: 0
2026-03-22 13:06:19.435: [WARN][Sync] Crypto error data types: Passwords, Autofill Profiles, Autofill
2026-03-22 13:06:19.439: [INFO][Sync] Configure, desired: Bookmarks, Preferences, Extensions, Sessions, Extension settings, History Delete Directives, Device Info, User Consents, Send Tab To Self, Web Apps, History, Saved Tab Group, WebAuthn Credentials, Collection, Edge E Drop, Edge Hub App Usage, Edge Wallet, Edge Workspace, Encryption Keys; Allow fail: Passwords, Autofill Profiles, Autofill
2026-03-22 13:06:19.439: [INFO][Sync] Loading: Bookmarks
2026-03-22 13:06:19.439: [INFO][Sync] Loading: Preferences
2026-03-22 13:06:19.439: [INFO][Sync] Loading: Extensions
2026-03-22 13:06:19.439: [INFO][Sync] Loading: Sessions
2026-03-22 13:06:19.439: [INFO][Sync] Loading: Extension settings
2026-03-22 13:06:19.439: [INFO][Sync] Loading: History Delete Directives
2026-03-22 13:06:19.439: [INFO][Sync] Loading: Device Info
2026-03-22 13:06:19.439: [INFO][Sync] Loading: User Consents
2026-03-22 13:06:19.439: [INFO][Sync] Loading: Send Tab To Self
2026-03-22 13:06:19.439: [INFO][Sync] Loading: Web Apps
2026-03-22 13:06:19.439: [INFO][Sync] Loading: History
2026-03-22 13:06:19.439: [INFO][Sync] Loading: Saved Tab Group
2026-03-22 13:06:19.439: [INFO][Sync] Loading: WebAuthn Credentials
2026-03-22 13:06:19.439: [INFO][Sync] Loading: Collection
2026-03-22 13:06:19.439: [INFO][Sync] Loading: Edge E Drop
2026-03-22 13:06:19.439: [INFO][Sync] Loading: Edge Hub App Usage
2026-03-22 13:06:19.439: [INFO][Sync] Loading: Edge Wallet
2026-03-22 13:06:19.439: [INFO][Sync] Loading: Edge Workspace
2026-03-22 13:06:19.451: [INFO][Sync] All data types are ready for configure.
2026-03-22 13:06:20.083: [INFO][SyncEngineBackend::DoStartConfiguration] Start configuration
2026-03-22 13:06:20.083: [INFO][Sync] Started DataTypeManager configuration, reason: 5
2026-03-22 13:06:20.083: [INFO][SyncManagerImpl::NudgeForInitialDownload] Initial download nudge for Bookmarks
2026-03-22 13:06:20.083: [INFO][SyncManagerImpl::NudgeForInitialDownload] Initial download nudge for Preferences
2026-03-22 13:06:20.083: [INFO][SyncManagerImpl::NudgeForInitialDownload] Initial download nudge for Extensions
2026-03-22 13:06:20.083: [INFO][SyncManagerImpl::NudgeForInitialDownload] Initial download nudge for Sessions
2026-03-22 13:06:20.083: [INFO][Sync] Configuring for: Bookmarks, Preferences, Passwords, Autofill Profiles, Autofill, Extensions, Sessions, Extension settings, History Delete Directives, Device Info, User Consents, Send Tab To Self, Web Apps, History, Saved Tab Group, WebAuthn Credentials, Collection, Edge E Drop, Edge Hub App Usage, Edge Wallet, Edge Workspace, Encryption Keys, reason: 5, current state: 1
2026-03-22 13:06:20.083: [INFO][SyncManagerImpl::NudgeForInitialDownload] Initial download nudge for Extension settings
2026-03-22 13:06:20.083: [INFO][SyncManagerImpl::NudgeForInitialDownload] Initial download nudge for History Delete Directives
2026-03-22 13:06:20.083: [INFO][SyncManagerImpl::NudgeForInitialDownload] Initial download nudge for Device Info
2026-03-22 13:06:20.083: [INFO][SyncManagerImpl::NudgeForInitialDownload] Initial download nudge for Send Tab To Self
2026-03-22 13:06:20.083: [INFO][SyncManagerImpl::NudgeForInitialDownload] Initial download nudge for Web Apps
2026-03-22 13:06:20.083: [INFO][SyncManagerImpl::NudgeForInitialDownload] Initial download nudge for History
2026-03-22 13:06:20.083: [INFO][SyncManagerImpl::NudgeForInitialDownload] Initial download nudge for Saved Tab Group
2026-03-22 13:06:20.083: [INFO][SyncManagerImpl::NudgeForInitialDownload] Initial download nudge for WebAuthn Credentials
2026-03-22 13:06:20.083: [INFO][SyncManagerImpl::NudgeForInitialDownload] Initial download nudge for Collection
2026-03-22 13:06:20.083: [INFO][SyncManagerImpl::NudgeForInitialDownload] Initial download nudge for Edge E Drop
2026-03-22 13:06:20.083: [INFO][SyncManagerImpl::NudgeForInitialDownload] Initial download nudge for Edge Hub App Usage
2026-03-22 13:06:20.083: [INFO][SyncManagerImpl::NudgeForInitialDownload] Initial download nudge for Edge Wallet
2026-03-22 13:06:20.083: [INFO][SyncManagerImpl::NudgeForInitialDownload] Initial download nudge for Edge Workspace
2026-03-22 13:06:20.083: [INFO][SyncManagerImpl::ConfigureSyncer] Types to download:  with reason: 3
2026-03-22 13:06:20.083: [INFO][SyncEngineBackend::DoFinishConfigureDataTypes] Failed to download types:  and succeeded types: 
2026-03-22 13:06:20.087: [INFO][Sync] ConfigurationDone, failed: , succeeded: , remaining count: 4
2026-03-22 13:06:20.087: [WARN][Sync]     Reconfigure requested while configuration ongoing.
2026-03-22 13:06:20.087: [INFO][Sync] Configuring for: Bookmarks, Preferences, Passwords, Autofill Profiles, Autofill, Extensions, Sessions, Extension settings, History Delete Directives, Device Info, User Consents, Send Tab To Self, Web Apps, History, Saved Tab Group, WebAuthn Credentials, Collection, Edge E Drop, Edge Hub App Usage, Edge Wallet, Edge Workspace, Encryption Keys, reason: 5, current state: 2
2026-03-22 13:06:20.087: [INFO][Sync] Configure, desired: Bookmarks, Preferences, Passwords, Autofill Profiles, Autofill, Extensions, Sessions, Extension settings, History Delete Directives, Device Info, User Consents, Send Tab To Self, Web Apps, History, Saved Tab Group, WebAuthn Credentials, Collection, Edge E Drop, Edge Hub App Usage, Edge Wallet, Edge Workspace, Encryption Keys; Allow fail: 
2026-03-22 13:06:20.087: [INFO][Sync] Loading: Passwords
2026-03-22 13:06:20.087: [INFO][Sync] Loading: Autofill Profiles
2026-03-22 13:06:20.087: [INFO][Sync] Loading: Autofill
2026-03-22 13:06:20.088: [INFO][Sync] All data types are ready for configure.
2026-03-22 13:06:20.088: [INFO][SyncManagerImpl::NudgeForInitialDownload] Initial download nudge for Passwords
2026-03-22 13:06:20.088: [INFO][SyncManagerImpl::NudgeForInitialDownload] Initial download nudge for Autofill Profiles
2026-03-22 13:06:20.088: [INFO][SyncManagerImpl::NudgeForInitialDownload] Initial download nudge for Autofill
2026-03-22 13:06:20.088: [INFO][SyncManagerImpl::ConfigureSyncer] Types to download:  with reason: 5
2026-03-22 13:06:20.088: [INFO][SyncEngineBackend::DoFinishConfigureDataTypes] Failed to download types:  and succeeded types: 
2026-03-22 13:06:20.090: [INFO][Sync] ConfigurationDone, failed: , succeeded: , remaining count: 4
2026-03-22 13:06:20.090: [INFO][Sync] Prepare to configure types: Preferences, Passwords, Device Info, Send Tab To Self, Edge E Drop, Encryption Keys
2026-03-22 13:06:20.090: [INFO][SyncManagerImpl::ConfigureSyncer] Types to download: Preferences, Passwords, Device Info, Send Tab To Self, Edge E Drop, Encryption Keys with reason: 5
2026-03-22 13:06:20.090: [INFO][SyncSchedulerImpl::DoConfigurationSyncCycleJob] Blocked types:  and types to download: Preferences, Passwords, Device Info, Send Tab To Self, Edge E Drop, Encryption Keys
2026-03-22 13:06:20.468: [INFO][SyncEngineBackend::DoFinishConfigureDataTypes] Failed to download types:  and succeeded types: Preferences, Passwords, Device Info, Send Tab To Self, Edge E Drop, Encryption Keys
2026-03-22 13:06:20.474: [INFO][Sync] ConfigurationDone, failed: , succeeded: Preferences, Passwords, Device Info, Send Tab To Self, Edge E Drop, Encryption Keys, remaining count: 3
2026-03-22 13:06:20.474: [INFO][Sync] Prepare to configure types: Bookmarks, Encryption Keys
2026-03-22 13:06:20.474: [INFO][SyncManagerImpl::ConfigureSyncer] Types to download: Bookmarks, Encryption Keys with reason: 5
2026-03-22 13:06:20.474: [INFO][SyncSchedulerImpl::DoConfigurationSyncCycleJob] Blocked types:  and types to download: Bookmarks, Encryption Keys
2026-03-22 13:06:20.750: [INFO][SyncEngineBackend::DoFinishConfigureDataTypes] Failed to download types:  and succeeded types: Bookmarks, Encryption Keys
2026-03-22 13:06:20.754: [INFO][Sync] ConfigurationDone, failed: , succeeded: Bookmarks, Encryption Keys, remaining count: 2
2026-03-22 13:06:20.754: [INFO][Sync] Prepare to configure types: Autofill Profiles, Autofill, Extensions, Sessions, Extension settings, History Delete Directives, Web Apps, Saved Tab Group, WebAuthn Credentials, Collection, Edge Hub App Usage, Edge Wallet, Edge Workspace, Encryption Keys
2026-03-22 13:06:20.754: [INFO][SyncManagerImpl::ConfigureSyncer] Types to download: Autofill Profiles, Autofill, Extensions, Sessions, Extension settings, History Delete Directives, Web Apps, Saved Tab Group, WebAuthn Credentials, Collection, Edge Hub App Usage, Edge Wallet, Edge Workspace, Encryption Keys with reason: 5
2026-03-22 13:06:20.754: [INFO][SyncSchedulerImpl::DoConfigurationSyncCycleJob] Blocked types:  and types to download: Autofill Profiles, Autofill, Extensions, Sessions, Extension settings, History Delete Directives, Web Apps, Saved Tab Group, WebAuthn Credentials, Collection, Edge Hub App Usage, Edge Wallet, Edge Workspace, Encryption Keys
2026-03-22 13:06:21.038: [INFO][SyncEngineBackend::DoFinishConfigureDataTypes] Failed to download types:  and succeeded types: Autofill Profiles, Autofill, Extensions, Sessions, Extension settings, History Delete Directives, Web Apps, Saved Tab Group, WebAuthn Credentials, Collection, Edge Hub App Usage, Edge Wallet, Edge Workspace, Encryption Keys
2026-03-22 13:06:21.041: [INFO][Sync] ConfigurationDone, failed: , succeeded: Autofill Profiles, Autofill, Extensions, Sessions, Extension settings, History Delete Directives, Web Apps, Saved Tab Group, WebAuthn Credentials, Collection, Edge Hub App Usage, Edge Wallet, Edge Workspace, Encryption Keys, remaining count: 1
2026-03-22 13:06:21.045: [INFO][Sync] Prepare to configure types: History, Encryption Keys
2026-03-22 13:06:21.045: [INFO][SyncManagerImpl::ConfigureSyncer] Types to download: History, Encryption Keys with reason: 5
2026-03-22 13:06:21.045: [INFO][SyncSchedulerImpl::DoConfigurationSyncCycleJob] Blocked types:  and types to download: History, Encryption Keys
2026-03-22 13:06:21.338: [INFO][SyncEngineBackend::DoFinishConfigureDataTypes] Failed to download types:  and succeeded types: History, Encryption Keys
2026-03-22 13:06:21.342: [INFO][Sync] ConfigurationDone, failed: , succeeded: History, Encryption Keys, remaining count: 0
2026-03-22 13:06:21.346: [INFO][Sync]     Configuration completed, state: 7
2026-03-22 13:06:21.346: [INFO][Sync] Configured DataTypeManager: Ok
2026-03-22 13:06:21.351: [INFO][SyncEngineBackend::DoStartSyncing] Start syncing
2026-03-22 13:07:11.201: [INFO][Sync] Reset engine, reason: 0
2026-03-22 13:07:11.201: [INFO][Sync] Reset engine with reason: 0
2026-03-23 02:30:28.768: [INFO][Sync] SyncState after authenticated was: FeatureCanStart
2026-03-23 02:30:29.027: [INFO][SyncAuthManager::SetLastAuthError] Current auth error: None
2026-03-23 02:30:29.027: [INFO][SyncAuthManager::EdgeLogTokenErrorState] Token error with: None for account type: MSA
2026-03-23 02:30:29.027: [INFO][Sync] Credentials changed for: EdgeSyncKeyDataScope
2026-03-23 02:30:35.222: [INFO][Sync] Try to start sync engine
2026-03-23 02:30:35.223: [INFO][SyncManagerImpl::NudgeForInitialDownload] Initial download nudge for Encryption Keys
2026-03-23 02:30:35.223: [INFO][SyncEngineBackend::LoadAndConnectNigoriController] Load and connect Nigori controller
2026-03-23 02:30:35.223: [INFO][SyncEngineBackend::DoInitialize] Control Types added: Encryption Keys
2026-03-23 02:30:35.223: [INFO][SyncManagerImpl::ConfigureSyncer] Types to download: Encryption Keys with reason: 3
2026-03-23 02:30:35.223: [INFO][SyncEngineBackend::DoUpdateKeyDataCredentials] Update key data credentials
2026-03-23 02:30:35.223: [INFO][SyncSchedulerImpl::DoConfigurationSyncCycleJob] Configure job was blocked
2026-03-23 02:30:35.227: [INFO][SyncAuthManager::SetLastAuthError] Current auth error: None
2026-03-23 02:30:35.227: [INFO][SyncAuthManager::EdgeLogTokenErrorState] Token error with: None for account type: MSA
2026-03-23 02:30:35.227: [INFO][Sync] Credentials changed for: EdgeSyncScopeNew
2026-03-23 02:30:35.227: [INFO][SyncEngineBackend::DoUpdateCredentials] Update credentials
2026-03-23 02:30:35.227: [INFO][SyncSchedulerImpl::DoConfigurationSyncCycleJob] Blocked types:  and types to download: Encryption Keys
2026-03-23 02:30:35.582: [INFO][SyncEngineBackend::DoUpdateKeyDataCredentials] Update key data credentials
2026-03-23 02:30:35.585: [INFO][Sync] Started DataTypeManager configuration, reason: 4
2026-03-23 02:30:35.585: [INFO][Sync] Configuring for: Bookmarks, Preferences, Passwords, Autofill Profiles, Autofill, Extensions, Sessions, Extension settings, History Delete Directives, Device Info, User Consents, Send Tab To Self, Web Apps, History, Saved Tab Group, WebAuthn Credentials, Collection, Edge E Drop, Edge Hub App Usage, Edge Wallet, Edge Workspace, Encryption Keys, reason: 4, current state: 0
2026-03-23 02:30:35.585: [WARN][Sync] Crypto error data types: Passwords, Autofill Profiles, Autofill
2026-03-23 02:30:35.586: [INFO][Sync] Configure, desired: Bookmarks, Preferences, Extensions, Sessions, Extension settings, History Delete Directives, Device Info, User Consents, Send Tab To Self, Web Apps, History, Saved Tab Group, WebAuthn Credentials, Collection, Edge E Drop, Edge Hub App Usage, Edge Wallet, Edge Workspace, Encryption Keys; Allow fail: Passwords, Autofill Profiles, Autofill
2026-03-23 02:30:35.586: [INFO][Sync] Loading: Bookmarks
2026-03-23 02:30:35.586: [INFO][Sync] Loading: Preferences
2026-03-23 02:30:35.586: [INFO][Sync] Loading: Extensions
2026-03-23 02:30:35.586: [INFO][Sync] Loading: Sessions
2026-03-23 02:30:35.586: [INFO][Sync] Loading: Extension settings
2026-03-23 02:30:35.586: [INFO][Sync] Loading: History Delete Directives
2026-03-23 02:30:35.586: [INFO][Sync] Loading: Device Info
2026-03-23 02:30:35.586: [INFO][Sync] Loading: User Consents
2026-03-23 02:30:35.586: [INFO][Sync] Loading: Send Tab To Self
2026-03-23 02:30:35.586: [INFO][Sync] Loading: Web Apps
2026-03-23 02:30:35.586: [INFO][Sync] Loading: History
2026-03-23 02:30:35.586: [INFO][Sync] Loading: Saved Tab Group
2026-03-23 02:30:35.586: [INFO][Sync] Loading: WebAuthn Credentials
2026-03-23 02:30:35.586: [INFO][Sync] Loading: Collection
2026-03-23 02:30:35.586: [INFO][Sync] Loading: Edge E Drop
2026-03-23 02:30:35.586: [INFO][Sync] Loading: Edge Hub App Usage
2026-03-23 02:30:35.586: [INFO][Sync] Loading: Edge Wallet
2026-03-23 02:30:35.586: [INFO][Sync] Loading: Edge Workspace
2026-03-23 02:30:35.588: [INFO][Sync] All data types are ready for configure.
2026-03-23 02:30:36.171: [INFO][Sync] Started DataTypeManager configuration, reason: 5
2026-03-23 02:30:36.172: [INFO][Sync] Configuring for: Bookmarks, Preferences, Passwords, Autofill Profiles, Autofill, Extensions, Sessions, Extension settings, History Delete Directives, Device Info, User Consents, Send Tab To Self, Web Apps, History, Saved Tab Group, WebAuthn Credentials, Collection, Edge E Drop, Edge Hub App Usage, Edge Wallet, Edge Workspace, Encryption Keys, reason: 5, current state: 1
2026-03-23 02:30:36.172: [INFO][SyncEngineBackend::DoStartConfiguration] Start configuration
2026-03-23 02:30:36.172: [INFO][SyncManagerImpl::ConfigureSyncer] Types to download:  with reason: 4
2026-03-23 02:30:36.172: [INFO][SyncEngineBackend::DoFinishConfigureDataTypes] Failed to download types:  and succeeded types: 
2026-03-23 02:30:36.173: [INFO][Sync] ConfigurationDone, failed: , succeeded: , remaining count: 4
2026-03-23 02:30:36.173: [WARN][Sync]     Reconfigure requested while configuration ongoing.
2026-03-23 02:30:36.173: [INFO][Sync] Configuring for: Bookmarks, Preferences, Passwords, Autofill Profiles, Autofill, Extensions, Sessions, Extension settings, History Delete Directives, Device Info, User Consents, Send Tab To Self, Web Apps, History, Saved Tab Group, WebAuthn Credentials, Collection, Edge E Drop, Edge Hub App Usage, Edge Wallet, Edge Workspace, Encryption Keys, reason: 5, current state: 2
2026-03-23 02:30:36.173: [INFO][Sync] Configure, desired: Bookmarks, Preferences, Passwords, Autofill Profiles, Autofill, Extensions, Sessions, Extension settings, History Delete Directives, Device Info, User Consents, Send Tab To Self, Web Apps, History, Saved Tab Group, WebAuthn Credentials, Collection, Edge E Drop, Edge Hub App Usage, Edge Wallet, Edge Workspace, Encryption Keys; Allow fail: 
2026-03-23 02:30:36.173: [INFO][Sync] Loading: Passwords
2026-03-23 02:30:36.173: [INFO][Sync] Loading: Autofill Profiles
2026-03-23 02:30:36.173: [INFO][Sync] Loading: Autofill
2026-03-23 02:30:36.173: [INFO][Sync] All data types are ready for configure.
2026-03-23 02:30:36.173: [INFO][SyncManagerImpl::ConfigureSyncer] Types to download:  with reason: 5
2026-03-23 02:30:36.173: [INFO][SyncEngineBackend::DoFinishConfigureDataTypes] Failed to download types:  and succeeded types: 
2026-03-23 02:30:36.173: [INFO][Sync] ConfigurationDone, failed: , succeeded: , remaining count: 4
2026-03-23 02:30:36.173: [INFO][SyncManagerImpl::ConfigureSyncer] Types to download:  with reason: 5
2026-03-23 02:30:36.173: [INFO][SyncEngineBackend::DoFinishConfigureDataTypes] Failed to download types:  and succeeded types: 
2026-03-23 02:30:36.174: [INFO][Sync] ConfigurationDone, failed: , succeeded: , remaining count: 3
2026-03-23 02:30:36.174: [INFO][SyncManagerImpl::ConfigureSyncer] Types to download:  with reason: 5
2026-03-23 02:30:36.174: [INFO][SyncEngineBackend::DoFinishConfigureDataTypes] Failed to download types:  and succeeded types: 
2026-03-23 02:30:36.174: [INFO][Sync] ConfigurationDone, failed: , succeeded: , remaining count: 2
2026-03-23 02:30:36.174: [INFO][SyncManagerImpl::ConfigureSyncer] Types to download:  with reason: 5
2026-03-23 02:30:36.174: [INFO][SyncEngineBackend::DoFinishConfigureDataTypes] Failed to download types:  and succeeded types: 
2026-03-23 02:30:36.174: [INFO][Sync] ConfigurationDone, failed: , succeeded: , remaining count: 1
2026-03-23 02:30:36.175: [INFO][SyncManagerImpl::ConfigureSyncer] Types to download:  with reason: 5
2026-03-23 02:30:36.175: [INFO][SyncEngineBackend::DoFinishConfigureDataTypes] Failed to download types:  and succeeded types: 
2026-03-23 02:30:36.175: [INFO][Sync] ConfigurationDone, failed: , succeeded: , remaining count: 0
2026-03-23 02:30:36.176: [INFO][Sync]     Configuration completed, state: 7
2026-03-23 02:30:36.177: [INFO][Sync] Configured DataTypeManager: Ok
2026-03-23 02:30:36.178: [INFO][SyncEngineBackend::DoStartSyncing] Start syncing
2026-03-23 02:37:31.722: [INFO][Sync] Reset engine, reason: 0
2026-03-23 02:37:31.722: [INFO][Sync] Reset engine with reason: 0
2026-03-23 02:57:17.783: [INFO][Sync] Reset engine, reason: 8
2026-03-23 02:57:17.783: [INFO][Sync] Stopped: Bookmarks
2026-03-23 02:57:17.783: [INFO][Sync] Stopped: Preferences
2026-03-23 02:57:17.783: [INFO][Sync] Stopped: Passwords
2026-03-23 02:57:17.783: [INFO][Sync] Stopped: Autofill Profiles
2026-03-23 02:57:17.783: [INFO][Sync] Stopped: Autofill
2026-03-23 02:57:17.783: [INFO][Sync] Stopped: Extensions
2026-03-23 02:57:17.783: [INFO][Sync] Stopped: Sessions
2026-03-23 02:57:17.783: [INFO][Sync] Stopped: Extension settings
2026-03-23 02:57:17.783: [INFO][Sync] Stopped: History Delete Directives
2026-03-23 02:57:17.783: [INFO][Sync] Stopped: Device Info
2026-03-23 02:57:17.783: [INFO][Sync] Stopped: User Consents
2026-03-23 02:57:17.783: [INFO][Sync] Stopped: Send Tab To Self
2026-03-23 02:57:17.783: [INFO][Sync] Stopped: Web Apps
2026-03-23 02:57:17.783: [INFO][Sync] Stopped: History
2026-03-23 02:57:17.783: [INFO][Sync] Stopped: Saved Tab Group
2026-03-23 02:57:17.783: [INFO][Sync] Stopped: WebAuthn Credentials
2026-03-23 02:57:17.783: [INFO][Sync] Stopped: Collection
2026-03-23 02:57:17.783: [INFO][Sync] Stopped: Edge E Drop
2026-03-23 02:57:17.783: [INFO][Sync] Stopped: Edge Hub App Usage
2026-03-23 02:57:17.783: [INFO][Sync] Stopped: Edge Wallet
2026-03-23 02:57:17.783: [INFO][Sync] Stopped: Edge Workspace
2026-03-23 02:57:17.783: [INFO][Sync] SyncState after authenticated was: NotSignedIn
2026-03-23 02:57:17.952: [INFO][Sync] Reset engine, reason: 8
2026-03-23 02:57:17.952: [INFO][Sync] Stopped: Bookmarks
2026-03-23 02:57:17.952: [INFO][Sync] Stopped: Preferences
2026-03-23 02:57:17.952: [INFO][Sync] Stopped: Passwords
2026-03-23 02:57:17.952: [INFO][Sync] Stopped: Autofill Profiles
2026-03-23 02:57:17.952: [INFO][Sync] Stopped: Autofill
2026-03-23 02:57:17.952: [INFO][Sync] Stopped: Extensions
2026-03-23 02:57:17.952: [INFO][Sync] Stopped: Sessions
2026-03-23 02:57:17.952: [INFO][Sync] Stopped: Extension settings
2026-03-23 02:57:17.952: [INFO][Sync] Stopped: History Delete Directives
2026-03-23 02:57:17.952: [INFO][Sync] Stopped: Device Info
2026-03-23 02:57:17.952: [INFO][Sync] Stopped: User Consents
2026-03-23 02:57:17.952: [INFO][Sync] Stopped: Send Tab To Self
2026-03-23 02:57:17.952: [INFO][Sync] Stopped: Web Apps
2026-03-23 02:57:17.952: [INFO][Sync] Stopped: History
2026-03-23 02:57:17.952: [INFO][Sync] Stopped: Saved Tab Group
2026-03-23 02:57:17.952: [INFO][Sync] Stopped: WebAuthn Credentials
2026-03-23 02:57:17.952: [INFO][Sync] Stopped: Collection
2026-03-23 02:57:17.952: [INFO][Sync] Stopped: Edge E Drop
2026-03-23 02:57:17.952: [INFO][Sync] Stopped: Edge Hub App Usage
2026-03-23 02:57:17.952: [INFO][Sync] Stopped: Edge Wallet
2026-03-23 02:57:17.952: [INFO][Sync] Stopped: Edge Workspace
2026-03-23 02:57:19.599: [INFO][Sync] Try to start sync engine
2026-03-23 02:57:19.600: [INFO][SyncManagerImpl::NudgeForInitialDownload] Initial download nudge for Encryption Keys
2026-03-23 02:57:19.600: [INFO][SyncEngineBackend::LoadAndConnectNigoriController] Load and connect Nigori controller
2026-03-23 02:57:19.600: [INFO][SyncEngineBackend::DoInitialize] Control Types added: Encryption Keys
2026-03-23 02:57:19.600: [INFO][SyncManagerImpl::ConfigureSyncer] Types to download: Encryption Keys with reason: 3
2026-03-23 02:57:19.600: [INFO][SyncSchedulerImpl::DoConfigurationSyncCycleJob] Configure job was blocked
2026-03-23 02:57:19.625: [INFO][SyncAuthManager::SetLastAuthError] Current auth error: None
2026-03-23 02:57:19.625: [INFO][SyncAuthManager::EdgeLogTokenErrorState] Token error with: None for account type: MSA
2026-03-23 02:57:19.625: [INFO][Sync] Credentials changed for: EdgeSyncScopeNew
2026-03-23 02:57:20.301: [INFO][SyncAuthManager::SetLastAuthError] Current auth error: None
2026-03-23 02:57:20.301: [INFO][SyncAuthManager::EdgeLogTokenErrorState] Token error with: None for account type: MSA
2026-03-23 02:57:20.301: [INFO][Sync] Credentials changed for: EdgeSyncKeyDataScope
2026-03-23 02:57:20.301: [INFO][SyncEngineBackend::DoUpdateKeyDataCredentials] Update key data credentials
2026-03-23 02:57:20.301: [INFO][SyncEngineBackend::DoUpdateCredentials] Update credentials
2026-03-23 02:57:20.301: [INFO][SyncSchedulerImpl::DoConfigurationSyncCycleJob] Blocked types:  and types to download: Encryption Keys
2026-03-23 02:57:21.138: [INFO][Sync] Started DataTypeManager configuration, reason: 4
2026-03-23 02:57:21.139: [INFO][Sync] Configuring for: Bookmarks, Preferences, Passwords, Autofill Profiles, Autofill, Extensions, Sessions, Extension settings, History Delete Directives, Device Info, User Consents, Send Tab To Self, Web Apps, History, Saved Tab Group, WebAuthn Credentials, Collection, Edge E Drop, Edge Hub App Usage, Edge Wallet, Edge Workspace, Encryption Keys, reason: 4, current state: 0
2026-03-23 02:57:21.139: [WARN][Sync] Crypto error data types: Passwords, Autofill Profiles, Autofill
2026-03-23 02:57:21.141: [INFO][Sync] Configure, desired: Bookmarks, Preferences, Extensions, Sessions, Extension settings, History Delete Directives, Device Info, User Consents, Send Tab To Self, Web Apps, History, Saved Tab Group, WebAuthn Credentials, Collection, Edge E Drop, Edge Hub App Usage, Edge Wallet, Edge Workspace, Encryption Keys; Allow fail: Passwords, Autofill Profiles, Autofill
2026-03-23 02:57:21.141: [INFO][Sync] Loading: Bookmarks
2026-03-23 02:57:21.141: [INFO][Sync] Loading: Preferences
2026-03-23 02:57:21.141: [INFO][Sync] Loading: Extensions
2026-03-23 02:57:21.141: [INFO][Sync] Loading: Sessions
2026-03-23 02:57:21.141: [INFO][Sync] Loading: Extension settings
2026-03-23 02:57:21.141: [INFO][Sync] Loading: History Delete Directives
2026-03-23 02:57:21.141: [INFO][Sync] Loading: Device Info
2026-03-23 02:57:21.141: [INFO][Sync] Loading: User Consents
2026-03-23 02:57:21.141: [INFO][Sync] Loading: Send Tab To Self
2026-03-23 02:57:21.141: [INFO][Sync] Loading: Web Apps
2026-03-23 02:57:21.141: [INFO][Sync] Loading: History
2026-03-23 02:57:21.141: [INFO][Sync] Loading: Saved Tab Group
2026-03-23 02:57:21.141: [INFO][Sync] Loading: WebAuthn Credentials
2026-03-23 02:57:21.141: [INFO][Sync] Loading: Collection
2026-03-23 02:57:21.141: [INFO][Sync] Loading: Edge E Drop
2026-03-23 02:57:21.141: [INFO][Sync] Loading: Edge Hub App Usage
2026-03-23 02:57:21.141: [INFO][Sync] Loading: Edge Wallet
2026-03-23 02:57:21.141: [INFO][Sync] Loading: Edge Workspace
2026-03-23 02:57:21.147: [INFO][Sync] All data types are ready for configure.
2026-03-23 02:57:22.069: [INFO][Sync] Started DataTypeManager configuration, reason: 5
2026-03-23 02:57:22.069: [INFO][Sync] Configuring for: Bookmarks, Preferences, Passwords, Autofill Profiles, Autofill, Extensions, Sessions, Extension settings, History Delete Directives, Device Info, User Consents, Send Tab To Self, Web Apps, History, Saved Tab Group, WebAuthn Credentials, Collection, Edge E Drop, Edge Hub App Usage, Edge Wallet, Edge Workspace, Encryption Keys, reason: 5, current state: 1
2026-03-23 02:57:22.071: [INFO][SyncEngineBackend::DoStartConfiguration] Start configuration
2026-03-23 02:57:22.071: [INFO][SyncManagerImpl::NudgeForInitialDownload] Initial download nudge for Bookmarks
2026-03-23 02:57:22.071: [INFO][SyncManagerImpl::NudgeForInitialDownload] Initial download nudge for Preferences
2026-03-23 02:57:22.071: [INFO][SyncManagerImpl::NudgeForInitialDownload] Initial download nudge for Extensions
2026-03-23 02:57:22.071: [INFO][SyncManagerImpl::NudgeForInitialDownload] Initial download nudge for Sessions
2026-03-23 02:57:22.071: [INFO][SyncManagerImpl::NudgeForInitialDownload] Initial download nudge for Extension settings
2026-03-23 02:57:22.071: [INFO][SyncManagerImpl::NudgeForInitialDownload] Initial download nudge for History Delete Directives
2026-03-23 02:57:22.071: [INFO][SyncManagerImpl::NudgeForInitialDownload] Initial download nudge for Device Info
2026-03-23 02:57:22.071: [INFO][SyncManagerImpl::NudgeForInitialDownload] Initial download nudge for Send Tab To Self
2026-03-23 02:57:22.071: [INFO][SyncManagerImpl::NudgeForInitialDownload] Initial download nudge for Web Apps
2026-03-23 02:57:22.071: [INFO][SyncManagerImpl::NudgeForInitialDownload] Initial download nudge for History
2026-03-23 02:57:22.071: [INFO][SyncManagerImpl::NudgeForInitialDownload] Initial download nudge for Saved Tab Group
2026-03-23 02:57:22.071: [INFO][SyncManagerImpl::NudgeForInitialDownload] Initial download nudge for WebAuthn Credentials
2026-03-23 02:57:22.071: [INFO][SyncManagerImpl::NudgeForInitialDownload] Initial download nudge for Collection
2026-03-23 02:57:22.071: [INFO][SyncManagerImpl::NudgeForInitialDownload] Initial download nudge for Edge E Drop
2026-03-23 02:57:22.071: [INFO][SyncManagerImpl::NudgeForInitialDownload] Initial download nudge for Edge Hub App Usage
2026-03-23 02:57:22.071: [INFO][SyncManagerImpl::NudgeForInitialDownload] Initial download nudge for Edge Wallet
2026-03-23 02:57:22.071: [INFO][SyncManagerImpl::NudgeForInitialDownload] Initial download nudge for Edge Workspace
2026-03-23 02:57:22.071: [INFO][SyncManagerImpl::ConfigureSyncer] Types to download:  with reason: 4
2026-03-23 02:57:22.071: [INFO][SyncEngineBackend::DoFinishConfigureDataTypes] Failed to download types:  and succeeded types: 
2026-03-23 02:57:22.072: [INFO][Sync] ConfigurationDone, failed: , succeeded: , remaining count: 4
2026-03-23 02:57:22.072: [WARN][Sync]     Reconfigure requested while configuration ongoing.
2026-03-23 02:57:22.072: [INFO][Sync] Configuring for: Bookmarks, Preferences, Passwords, Autofill Profiles, Autofill, Extensions, Sessions, Extension settings, History Delete Directives, Device Info, User Consents, Send Tab To Self, Web Apps, History, Saved Tab Group, WebAuthn Credentials, Collection, Edge E Drop, Edge Hub App Usage, Edge Wallet, Edge Workspace, Encryption Keys, reason: 5, current state: 2
2026-03-23 02:57:22.072: [INFO][Sync] Configure, desired: Bookmarks, Preferences, Passwords, Autofill Profiles, Autofill, Extensions, Sessions, Extension settings, History Delete Directives, Device Info, User Consents, Send Tab To Self, Web Apps, History, Saved Tab Group, WebAuthn Credentials, Collection, Edge E Drop, Edge Hub App Usage, Edge Wallet, Edge Workspace, Encryption Keys; Allow fail: 
2026-03-23 02:57:22.072: [INFO][Sync] Loading: Passwords
2026-03-23 02:57:22.072: [INFO][Sync] Loading: Autofill Profiles
2026-03-23 02:57:22.072: [INFO][Sync] Loading: Autofill
2026-03-23 02:57:22.072: [INFO][Sync] All data types are ready for configure.
2026-03-23 02:57:22.072: [INFO][SyncManagerImpl::NudgeForInitialDownload] Initial download nudge for Passwords
2026-03-23 02:57:22.072: [INFO][SyncManagerImpl::NudgeForInitialDownload] Initial download nudge for Autofill Profiles
2026-03-23 02:57:22.072: [INFO][SyncManagerImpl::NudgeForInitialDownload] Initial download nudge for Autofill
2026-03-23 02:57:22.072: [INFO][SyncManagerImpl::ConfigureSyncer] Types to download:  with reason: 5
2026-03-23 02:57:22.072: [INFO][SyncEngineBackend::DoFinishConfigureDataTypes] Failed to download types:  and succeeded types: 
2026-03-23 02:57:22.072: [INFO][Sync] ConfigurationDone, failed: , succeeded: , remaining count: 4
2026-03-23 02:57:22.072: [INFO][Sync] Prepare to configure types: Preferences, Passwords, Device Info, Send Tab To Self, Edge E Drop, Encryption Keys
2026-03-23 02:57:22.072: [INFO][SyncManagerImpl::ConfigureSyncer] Types to download: Preferences, Passwords, Device Info, Send Tab To Self, Edge E Drop, Encryption Keys with reason: 5
2026-03-23 02:57:22.072: [INFO][SyncSchedulerImpl::DoConfigurationSyncCycleJob] Blocked types:  and types to download: Preferences, Passwords, Device Info, Send Tab To Self, Edge E Drop, Encryption Keys
2026-03-23 02:57:22.641: [INFO][SyncEngineBackend::DoFinishConfigureDataTypes] Failed to download types:  and succeeded types: Preferences, Passwords, Device Info, Send Tab To Self, Edge E Drop, Encryption Keys
2026-03-23 02:57:22.643: [INFO][Sync] ConfigurationDone, failed: , succeeded: Preferences, Passwords, Device Info, Send Tab To Self, Edge E Drop, Encryption Keys, remaining count: 3
2026-03-23 02:57:22.643: [INFO][Sync] Prepare to configure types: Bookmarks, Encryption Keys
2026-03-23 02:57:22.643: [INFO][SyncManagerImpl::ConfigureSyncer] Types to download: Bookmarks, Encryption Keys with reason: 5
2026-03-23 02:57:22.643: [INFO][SyncSchedulerImpl::DoConfigurationSyncCycleJob] Blocked types:  and types to download: Bookmarks, Encryption Keys
2026-03-23 02:57:23.047: [INFO][SyncEngineBackend::DoFinishConfigureDataTypes] Failed to download types:  and succeeded types: Bookmarks, Encryption Keys
2026-03-23 02:57:23.048: [INFO][Sync] ConfigurationDone, failed: , succeeded: Bookmarks, Encryption Keys, remaining count: 2
2026-03-23 02:57:23.048: [INFO][Sync] Prepare to configure types: Autofill Profiles, Autofill, Extensions, Sessions, Extension settings, History Delete Directives, Web Apps, Saved Tab Group, WebAuthn Credentials, Collection, Edge Hub App Usage, Edge Wallet, Edge Workspace, Encryption Keys
2026-03-23 02:57:23.048: [INFO][SyncManagerImpl::ConfigureSyncer] Types to download: Autofill Profiles, Autofill, Extensions, Sessions, Extension settings, History Delete Directives, Web Apps, Saved Tab Group, WebAuthn Credentials, Collection, Edge Hub App Usage, Edge Wallet, Edge Workspace, Encryption Keys with reason: 5
2026-03-23 02:57:23.048: [INFO][SyncSchedulerImpl::DoConfigurationSyncCycleJob] Blocked types:  and types to download: Autofill Profiles, Autofill, Extensions, Sessions, Extension settings, History Delete Directives, Web Apps, Saved Tab Group, WebAuthn Credentials, Collection, Edge Hub App Usage, Edge Wallet, Edge Workspace, Encryption Keys
2026-03-23 02:57:23.524: [INFO][SyncEngineBackend::DoFinishConfigureDataTypes] Failed to download types:  and succeeded types: Autofill Profiles, Autofill, Extensions, Sessions, Extension settings, History Delete Directives, Web Apps, Saved Tab Group, WebAuthn Credentials, Collection, Edge Hub App Usage, Edge Wallet, Edge Workspace, Encryption Keys
2026-03-23 02:57:23.527: [INFO][Sync] ConfigurationDone, failed: , succeeded: Autofill Profiles, Autofill, Extensions, Sessions, Extension settings, History Delete Directives, Web Apps, Saved Tab Group, WebAuthn Credentials, Collection, Edge Hub App Usage, Edge Wallet, Edge Workspace, Encryption Keys, remaining count: 1
2026-03-23 02:57:23.529: [INFO][Sync] Prepare to configure types: History, Encryption Keys
2026-03-23 02:57:23.529: [INFO][SyncManagerImpl::ConfigureSyncer] Types to download: History, Encryption Keys with reason: 5
2026-03-23 02:57:23.529: [INFO][SyncSchedulerImpl::DoConfigurationSyncCycleJob] Blocked types:  and types to download: History, Encryption Keys
2026-03-23 02:57:23.875: [INFO][SyncEngineBackend::DoFinishConfigureDataTypes] Failed to download types:  and succeeded types: History, Encryption Keys
2026-03-23 02:57:23.877: [INFO][Sync] ConfigurationDone, failed: , succeeded: History, Encryption Keys, remaining count: 0
2026-03-23 02:57:23.878: [INFO][Sync]     Configuration completed, state: 7
2026-03-23 02:57:23.879: [INFO][Sync] Configured DataTypeManager: Ok
2026-03-23 02:57:23.917: [INFO][SyncEngineBackend::DoStartSyncing] Start syncing
2026-03-23 03:04:30.571: [INFO][Sync] Reset engine, reason: 0
2026-03-23 03:04:30.571: [INFO][Sync] Reset engine with reason: 0
2026-03-23 03:10:46.127: [INFO][Sync] SyncState after authenticated was: FeatureCanStart
2026-03-23 03:10:47.723: [INFO][SyncAuthManager::SetLastAuthError] Current auth error: None
2026-03-23 03:10:47.723: [INFO][SyncAuthManager::EdgeLogTokenErrorState] Token error with: None for account type: MSA
2026-03-23 03:10:47.723: [INFO][Sync] Credentials changed for: EdgeSyncKeyDataScope
2026-03-23 03:10:56.201: [INFO][Sync] Try to start sync engine
2026-03-23 03:10:56.202: [INFO][SyncManagerImpl::NudgeForInitialDownload] Initial download nudge for Encryption Keys
2026-03-23 03:10:56.202: [INFO][SyncEngineBackend::LoadAndConnectNigoriController] Load and connect Nigori controller
2026-03-23 03:10:56.202: [INFO][SyncEngineBackend::DoInitialize] Control Types added: Encryption Keys
2026-03-23 03:10:56.202: [INFO][SyncManagerImpl::ConfigureSyncer] Types to download: Encryption Keys with reason: 3
2026-03-23 03:10:56.202: [INFO][SyncEngineBackend::DoUpdateKeyDataCredentials] Update key data credentials
2026-03-23 03:10:56.202: [INFO][SyncSchedulerImpl::DoConfigurationSyncCycleJob] Configure job was blocked
2026-03-23 03:10:56.206: [INFO][SyncAuthManager::SetLastAuthError] Current auth error: None
2026-03-23 03:10:56.206: [INFO][SyncAuthManager::EdgeLogTokenErrorState] Token error with: None for account type: MSA
2026-03-23 03:10:56.206: [INFO][Sync] Credentials changed for: EdgeSyncScopeNew
2026-03-23 03:10:56.206: [INFO][SyncEngineBackend::DoUpdateCredentials] Update credentials
2026-03-23 03:10:56.206: [INFO][SyncEngineBackend::DoUpdateKeyDataCredentials] Update key data credentials
2026-03-23 03:10:56.206: [INFO][SyncSchedulerImpl::DoConfigurationSyncCycleJob] Blocked types:  and types to download: Encryption Keys
2026-03-23 03:10:56.947: [INFO][Sync] Started DataTypeManager configuration, reason: 4
2026-03-23 03:10:56.947: [INFO][Sync] Configuring for: Bookmarks, Preferences, Passwords, Autofill Profiles, Autofill, Extensions, Sessions, Extension settings, History Delete Directives, Device Info, User Consents, Send Tab To Self, Web Apps, History, Saved Tab Group, WebAuthn Credentials, Collection, Edge E Drop, Edge Hub App Usage, Edge Wallet, Edge Workspace, Encryption Keys, reason: 4, current state: 0
2026-03-23 03:10:56.947: [WARN][Sync] Crypto error data types: Passwords, Autofill Profiles, Autofill
2026-03-23 03:10:56.948: [INFO][Sync] Configure, desired: Bookmarks, Preferences, Extensions, Sessions, Extension settings, History Delete Directives, Device Info, User Consents, Send Tab To Self, Web Apps, History, Saved Tab Group, WebAuthn Credentials, Collection, Edge E Drop, Edge Hub App Usage, Edge Wallet, Edge Workspace, Encryption Keys; Allow fail: Passwords, Autofill Profiles, Autofill
2026-03-23 03:10:56.948: [INFO][Sync] Loading: Bookmarks
2026-03-23 03:10:56.948: [INFO][Sync] Loading: Preferences
2026-03-23 03:10:56.948: [INFO][Sync] Loading: Extensions
2026-03-23 03:10:56.948: [INFO][Sync] Loading: Sessions
2026-03-23 03:10:56.948: [INFO][Sync] Loading: Extension settings
2026-03-23 03:10:56.948: [INFO][Sync] Loading: History Delete Directives
2026-03-23 03:10:56.948: [INFO][Sync] Loading: Device Info
2026-03-23 03:10:56.948: [INFO][Sync] Loading: User Consents
2026-03-23 03:10:56.948: [INFO][Sync] Loading: Send Tab To Self
2026-03-23 03:10:56.948: [INFO][Sync] Loading: Web Apps
2026-03-23 03:10:56.948: [INFO][Sync] Loading: History
2026-03-23 03:10:56.948: [INFO][Sync] Loading: Saved Tab Group
2026-03-23 03:10:56.948: [INFO][Sync] Loading: WebAuthn Credentials
2026-03-23 03:10:56.948: [INFO][Sync] Loading: Collection
2026-03-23 03:10:56.948: [INFO][Sync] Loading: Edge E Drop
2026-03-23 03:10:56.948: [INFO][Sync] Loading: Edge Hub App Usage
2026-03-23 03:10:56.948: [INFO][Sync] Loading: Edge Wallet
2026-03-23 03:10:56.948: [INFO][Sync] Loading: Edge Workspace
2026-03-23 03:10:56.952: [INFO][Sync] All data types are ready for configure.
2026-03-23 03:10:57.446: [INFO][Sync] Started DataTypeManager configuration, reason: 5
2026-03-23 03:10:57.446: [INFO][Sync] Configuring for: Bookmarks, Preferences, Passwords, Autofill Profiles, Autofill, Extensions, Sessions, Extension settings, History Delete Directives, Device Info, User Consents, Send Tab To Self, Web Apps, History, Saved Tab Group, WebAuthn Credentials, Collection, Edge E Drop, Edge Hub App Usage, Edge Wallet, Edge Workspace, Encryption Keys, reason: 5, current state: 1
2026-03-23 03:10:57.448: [INFO][SyncEngineBackend::DoStartConfiguration] Start configuration
2026-03-23 03:10:57.448: [INFO][SyncManagerImpl::ConfigureSyncer] Types to download:  with reason: 4
2026-03-23 03:10:57.448: [INFO][SyncEngineBackend::DoFinishConfigureDataTypes] Failed to download types:  and succeeded types: 
2026-03-23 03:10:57.450: [INFO][Sync] ConfigurationDone, failed: , succeeded: , remaining count: 4
2026-03-23 03:10:57.450: [WARN][Sync]     Reconfigure requested while configuration ongoing.
2026-03-23 03:10:57.450: [INFO][Sync] Configuring for: Bookmarks, Preferences, Passwords, Autofill Profiles, Autofill, Extensions, Sessions, Extension settings, History Delete Directives, Device Info, User Consents, Send Tab To Self, Web Apps, History, Saved Tab Group, WebAuthn Credentials, Collection, Edge E Drop, Edge Hub App Usage, Edge Wallet, Edge Workspace, Encryption Keys, reason: 5, current state: 2
2026-03-23 03:10:57.450: [INFO][Sync] Configure, desired: Bookmarks, Preferences, Passwords, Autofill Profiles, Autofill, Extensions, Sessions, Extension settings, History Delete Directives, Device Info, User Consents, Send Tab To Self, Web Apps, History, Saved Tab Group, WebAuthn Credentials, Collection, Edge E Drop, Edge Hub App Usage, Edge Wallet, Edge Workspace, Encryption Keys; Allow fail: 
2026-03-23 03:10:57.450: [INFO][Sync] Loading: Passwords
2026-03-23 03:10:57.450: [INFO][Sync] Loading: Autofill Profiles
2026-03-23 03:10:57.450: [INFO][Sync] Loading: Autofill
2026-03-23 03:10:57.451: [INFO][Sync] All data types are ready for configure.
2026-03-23 03:10:57.451: [INFO][SyncManagerImpl::ConfigureSyncer] Types to download:  with reason: 5
2026-03-23 03:10:57.451: [INFO][SyncEngineBackend::DoFinishConfigureDataTypes] Failed to download types:  and succeeded types: 
2026-03-23 03:10:57.451: [INFO][Sync] ConfigurationDone, failed: , succeeded: , remaining count: 4
2026-03-23 03:10:57.451: [INFO][SyncManagerImpl::ConfigureSyncer] Types to download:  with reason: 5
2026-03-23 03:10:57.451: [INFO][SyncEngineBackend::DoFinishConfigureDataTypes] Failed to download types:  and succeeded types: 
2026-03-23 03:10:57.451: [INFO][Sync] ConfigurationDone, failed: , succeeded: , remaining count: 3
2026-03-23 03:10:57.451: [INFO][SyncManagerImpl::ConfigureSyncer] Types to download:  with reason: 5
2026-03-23 03:10:57.451: [INFO][SyncEngineBackend::DoFinishConfigureDataTypes] Failed to download types:  and succeeded types: 
2026-03-23 03:10:57.451: [INFO][Sync] ConfigurationDone, failed: , succeeded: , remaining count: 2
2026-03-23 03:10:57.451: [INFO][SyncManagerImpl::ConfigureSyncer] Types to download:  with reason: 5
2026-03-23 03:10:57.451: [INFO][SyncEngineBackend::DoFinishConfigureDataTypes] Failed to download types:  and succeeded types: 
2026-03-23 03:10:57.451: [INFO][Sync] ConfigurationDone, failed: , succeeded: , remaining count: 1
2026-03-23 03:10:57.452: [INFO][SyncManagerImpl::ConfigureSyncer] Types to download:  with reason: 5
2026-03-23 03:10:57.452: [INFO][SyncEngineBackend::DoFinishConfigureDataTypes] Failed to download types:  and succeeded types: 
2026-03-23 03:10:57.452: [INFO][Sync] ConfigurationDone, failed: , succeeded: , remaining count: 0
2026-03-23 03:10:57.453: [INFO][Sync]     Configuration completed, state: 7
2026-03-23 03:10:57.453: [INFO][Sync] Configured DataTypeManager: Ok
2026-03-23 03:10:57.455: [INFO][SyncEngineBackend::DoStartSyncing] Start syncing
2026-03-23 03:16:03.583: [INFO][Sync] Reset engine, reason: 0
2026-03-23 03:16:03.583: [INFO][Sync] Reset engine with reason: 0
2026-03-23 03:24:16.975: [INFO][Sync] Reset engine, reason: 8
2026-03-23 03:24:16.975: [INFO][Sync] Stopped: Bookmarks
2026-03-23 03:24:16.975: [INFO][Sync] Stopped: Preferences
2026-03-23 03:24:16.975: [INFO][Sync] Stopped: Passwords
2026-03-23 03:24:16.975: [INFO][Sync] Stopped: Autofill Profiles
2026-03-23 03:24:16.975: [INFO][Sync] Stopped: Autofill
2026-03-23 03:24:16.975: [INFO][Sync] Stopped: Extensions
2026-03-23 03:24:16.975: [INFO][Sync] Stopped: Sessions
2026-03-23 03:24:16.975: [INFO][Sync] Stopped: Extension settings
2026-03-23 03:24:16.975: [INFO][Sync] Stopped: History Delete Directives
2026-03-23 03:24:16.975: [INFO][Sync] Stopped: Device Info
2026-03-23 03:24:16.975: [INFO][Sync] Stopped: User Consents
2026-03-23 03:24:16.975: [INFO][Sync] Stopped: Send Tab To Self
2026-03-23 03:24:16.975: [INFO][Sync] Stopped: Web Apps
2026-03-23 03:24:16.975: [INFO][Sync] Stopped: History
2026-03-23 03:24:16.975: [INFO][Sync] Stopped: Saved Tab Group
2026-03-23 03:24:16.975: [INFO][Sync] Stopped: WebAuthn Credentials
2026-03-23 03:24:16.975: [INFO][Sync] Stopped: Collection
2026-03-23 03:24:16.975: [INFO][Sync] Stopped: Edge E Drop
2026-03-23 03:24:16.975: [INFO][Sync] Stopped: Edge Hub App Usage
2026-03-23 03:24:16.975: [INFO][Sync] Stopped: Edge Wallet
2026-03-23 03:24:16.975: [INFO][Sync] Stopped: Edge Workspace
2026-03-23 03:24:16.975: [INFO][Sync] SyncState after authenticated was: NotSignedIn
2026-03-23 03:24:17.145: [INFO][Sync] Reset engine, reason: 8
2026-03-23 03:24:17.145: [INFO][Sync] Stopped: Bookmarks
2026-03-23 03:24:17.145: [INFO][Sync] Stopped: Preferences
2026-03-23 03:24:17.145: [INFO][Sync] Stopped: Passwords
2026-03-23 03:24:17.145: [INFO][Sync] Stopped: Autofill Profiles
2026-03-23 03:24:17.145: [INFO][Sync] Stopped: Autofill
2026-03-23 03:24:17.145: [INFO][Sync] Stopped: Extensions
2026-03-23 03:24:17.145: [INFO][Sync] Stopped: Sessions
2026-03-23 03:24:17.145: [INFO][Sync] Stopped: Extension settings
2026-03-23 03:24:17.145: [INFO][Sync] Stopped: History Delete Directives
2026-03-23 03:24:17.145: [INFO][Sync] Stopped: Device Info
2026-03-23 03:24:17.145: [INFO][Sync] Stopped: User Consents
2026-03-23 03:24:17.145: [INFO][Sync] Stopped: Send Tab To Self
2026-03-23 03:24:17.145: [INFO][Sync] Stopped: Web Apps
2026-03-23 03:24:17.145: [INFO][Sync] Stopped: History
2026-03-23 03:24:17.145: [INFO][Sync] Stopped: Saved Tab Group
2026-03-23 03:24:17.145: [INFO][Sync] Stopped: WebAuthn Credentials
2026-03-23 03:24:17.145: [INFO][Sync] Stopped: Collection
2026-03-23 03:24:17.145: [INFO][Sync] Stopped: Edge E Drop
2026-03-23 03:24:17.145: [INFO][Sync] Stopped: Edge Hub App Usage
2026-03-23 03:24:17.145: [INFO][Sync] Stopped: Edge Wallet
2026-03-23 03:24:17.145: [INFO][Sync] Stopped: Edge Workspace
2026-03-23 03:24:18.944: [INFO][Sync] Try to start sync engine
2026-03-23 03:24:18.945: [INFO][SyncManagerImpl::NudgeForInitialDownload] Initial download nudge for Encryption Keys
2026-03-23 03:24:18.945: [INFO][SyncEngineBackend::LoadAndConnectNigoriController] Load and connect Nigori controller
2026-03-23 03:24:18.945: [INFO][SyncEngineBackend::DoInitialize] Control Types added: Encryption Keys
2026-03-23 03:24:18.945: [INFO][SyncManagerImpl::ConfigureSyncer] Types to download: Encryption Keys with reason: 3
2026-03-23 03:24:18.945: [INFO][SyncSchedulerImpl::DoConfigurationSyncCycleJob] Configure job was blocked
2026-03-23 03:24:18.961: [INFO][SyncAuthManager::SetLastAuthError] Current auth error: None
2026-03-23 03:24:18.961: [INFO][SyncAuthManager::EdgeLogTokenErrorState] Token error with: None for account type: MSA
2026-03-23 03:24:18.961: [INFO][Sync] Credentials changed for: EdgeSyncScopeNew
2026-03-23 03:24:30.517: [INFO][SyncAuthManager::SetLastAuthError] Current auth error: None
2026-03-23 03:24:30.517: [INFO][SyncAuthManager::EdgeLogTokenErrorState] Token error with: None for account type: MSA
2026-03-23 03:24:30.517: [INFO][Sync] Credentials changed for: EdgeSyncKeyDataScope
2026-03-23 03:24:30.517: [INFO][SyncEngineBackend::DoUpdateKeyDataCredentials] Update key data credentials
2026-03-23 03:24:30.517: [INFO][SyncEngineBackend::DoUpdateCredentials] Update credentials
2026-03-23 03:24:30.517: [INFO][SyncSchedulerImpl::DoConfigurationSyncCycleJob] Blocked types:  and types to download: Encryption Keys
2026-03-23 03:24:31.363: [INFO][Sync] Started DataTypeManager configuration, reason: 4
2026-03-23 03:24:31.363: [INFO][Sync] Configuring for: Bookmarks, Preferences, Passwords, Autofill Profiles, Autofill, Extensions, Sessions, Extension settings, History Delete Directives, Device Info, User Consents, Send Tab To Self, Web Apps, History, Saved Tab Group, WebAuthn Credentials, Collection, Edge E Drop, Edge Hub App Usage, Edge Wallet, Edge Workspace, Encryption Keys, reason: 4, current state: 0
2026-03-23 03:24:31.363: [WARN][Sync] Crypto error data types: Passwords, Autofill Profiles, Autofill
2026-03-23 03:24:31.365: [INFO][Sync] Configure, desired: Bookmarks, Preferences, Extensions, Sessions, Extension settings, History Delete Directives, Device Info, User Consents, Send Tab To Self, Web Apps, History, Saved Tab Group, WebAuthn Credentials, Collection, Edge E Drop, Edge Hub App Usage, Edge Wallet, Edge Workspace, Encryption Keys; Allow fail: Passwords, Autofill Profiles, Autofill
2026-03-23 03:24:31.365: [INFO][Sync] Loading: Bookmarks
2026-03-23 03:24:31.365: [INFO][Sync] Loading: Preferences
2026-03-23 03:24:31.365: [INFO][Sync] Loading: Extensions
2026-03-23 03:24:31.365: [INFO][Sync] Loading: Sessions
2026-03-23 03:24:31.365: [INFO][Sync] Loading: Extension settings
2026-03-23 03:24:31.365: [INFO][Sync] Loading: History Delete Directives
2026-03-23 03:24:31.365: [INFO][Sync] Loading: Device Info
2026-03-23 03:24:31.365: [INFO][Sync] Loading: User Consents
2026-03-23 03:24:31.365: [INFO][Sync] Loading: Send Tab To Self
2026-03-23 03:24:31.365: [INFO][Sync] Loading: Web Apps
2026-03-23 03:24:31.365: [INFO][Sync] Loading: History
2026-03-23 03:24:31.365: [INFO][Sync] Loading: Saved Tab Group
2026-03-23 03:24:31.365: [INFO][Sync] Loading: WebAuthn Credentials
2026-03-23 03:24:31.365: [INFO][Sync] Loading: Collection
2026-03-23 03:24:31.365: [INFO][Sync] Loading: Edge E Drop
2026-03-23 03:24:31.365: [INFO][Sync] Loading: Edge Hub App Usage
2026-03-23 03:24:31.365: [INFO][Sync] Loading: Edge Wallet
2026-03-23 03:24:31.365: [INFO][Sync] Loading: Edge Workspace
2026-03-23 03:24:31.369: [INFO][Sync] All data types are ready for configure.
2026-03-23 03:24:31.902: [INFO][Sync] Started DataTypeManager configuration, reason: 5
2026-03-23 03:24:31.902: [INFO][Sync] Configuring for: Bookmarks, Preferences, Passwords, Autofill Profiles, Autofill, Extensions, Sessions, Extension settings, History Delete Directives, Device Info, User Consents, Send Tab To Self, Web Apps, History, Saved Tab Group, WebAuthn Credentials, Collection, Edge E Drop, Edge Hub App Usage, Edge Wallet, Edge Workspace, Encryption Keys, reason: 5, current state: 1
2026-03-23 03:24:31.904: [INFO][SyncEngineBackend::DoStartConfiguration] Start configuration
2026-03-23 03:24:31.904: [INFO][SyncManagerImpl::NudgeForInitialDownload] Initial download nudge for Bookmarks
2026-03-23 03:24:31.904: [INFO][SyncManagerImpl::NudgeForInitialDownload] Initial download nudge for Preferences
2026-03-23 03:24:31.904: [INFO][SyncManagerImpl::NudgeForInitialDownload] Initial download nudge for Extensions
2026-03-23 03:24:31.904: [INFO][SyncManagerImpl::NudgeForInitialDownload] Initial download nudge for Sessions
2026-03-23 03:24:31.904: [INFO][SyncManagerImpl::NudgeForInitialDownload] Initial download nudge for Extension settings
2026-03-23 03:24:31.904: [INFO][SyncManagerImpl::NudgeForInitialDownload] Initial download nudge for History Delete Directives
2026-03-23 03:24:31.904: [INFO][SyncManagerImpl::NudgeForInitialDownload] Initial download nudge for Device Info
2026-03-23 03:24:31.904: [INFO][SyncManagerImpl::NudgeForInitialDownload] Initial download nudge for Send Tab To Self
2026-03-23 03:24:31.904: [INFO][SyncManagerImpl::NudgeForInitialDownload] Initial download nudge for Web Apps
2026-03-23 03:24:31.904: [INFO][SyncManagerImpl::NudgeForInitialDownload] Initial download nudge for History
2026-03-23 03:24:31.904: [INFO][SyncManagerImpl::NudgeForInitialDownload] Initial download nudge for Saved Tab Group
2026-03-23 03:24:31.904: [INFO][SyncManagerImpl::NudgeForInitialDownload] Initial download nudge for WebAuthn Credentials
2026-03-23 03:24:31.904: [INFO][SyncManagerImpl::NudgeForInitialDownload] Initial download nudge for Collection
2026-03-23 03:24:31.904: [INFO][SyncManagerImpl::NudgeForInitialDownload] Initial download nudge for Edge E Drop
2026-03-23 03:24:31.904: [INFO][SyncManagerImpl::NudgeForInitialDownload] Initial download nudge for Edge Hub App Usage
2026-03-23 03:24:31.904: [INFO][SyncManagerImpl::NudgeForInitialDownload] Initial download nudge for Edge Wallet
2026-03-23 03:24:31.904: [INFO][SyncManagerImpl::NudgeForInitialDownload] Initial download nudge for Edge Workspace
2026-03-23 03:24:31.904: [INFO][SyncManagerImpl::ConfigureSyncer] Types to download:  with reason: 4
2026-03-23 03:24:31.904: [INFO][SyncEngineBackend::DoFinishConfigureDataTypes] Failed to download types:  and succeeded types: 
2026-03-23 03:24:31.904: [INFO][Sync] ConfigurationDone, failed: , succeeded: , remaining count: 4
2026-03-23 03:24:31.904: [WARN][Sync]     Reconfigure requested while configuration ongoing.
2026-03-23 03:24:31.904: [INFO][Sync] Configuring for: Bookmarks, Preferences, Passwords, Autofill Profiles, Autofill, Extensions, Sessions, Extension settings, History Delete Directives, Device Info, User Consents, Send Tab To Self, Web Apps, History, Saved Tab Group, WebAuthn Credentials, Collection, Edge E Drop, Edge Hub App Usage, Edge Wallet, Edge Workspace, Encryption Keys, reason: 5, current state: 2
2026-03-23 03:24:31.904: [INFO][Sync] Configure, desired: Bookmarks, Preferences, Passwords, Autofill Profiles, Autofill, Extensions, Sessions, Extension settings, History Delete Directives, Device Info, User Consents, Send Tab To Self, Web Apps, History, Saved Tab Group, WebAuthn Credentials, Collection, Edge E Drop, Edge Hub App Usage, Edge Wallet, Edge Workspace, Encryption Keys; Allow fail: 
2026-03-23 03:24:31.904: [INFO][Sync] Loading: Passwords
2026-03-23 03:24:31.904: [INFO][Sync] Loading: Autofill Profiles
2026-03-23 03:24:31.904: [INFO][Sync] Loading: Autofill
2026-03-23 03:24:31.907: [INFO][Sync] All data types are ready for configure.
2026-03-23 03:24:31.907: [INFO][SyncManagerImpl::NudgeForInitialDownload] Initial download nudge for Passwords
2026-03-23 03:24:31.907: [INFO][SyncManagerImpl::NudgeForInitialDownload] Initial download nudge for Autofill Profiles
2026-03-23 03:24:31.907: [INFO][SyncManagerImpl::NudgeForInitialDownload] Initial download nudge for Autofill
2026-03-23 03:24:31.907: [INFO][SyncManagerImpl::ConfigureSyncer] Types to download:  with reason: 5
2026-03-23 03:24:31.907: [INFO][SyncEngineBackend::DoFinishConfigureDataTypes] Failed to download types:  and succeeded types: 
2026-03-23 03:24:31.907: [INFO][Sync] ConfigurationDone, failed: , succeeded: , remaining count: 4
2026-03-23 03:24:31.907: [INFO][Sync] Prepare to configure types: Preferences, Passwords, Device Info, Send Tab To Self, Edge E Drop, Encryption Keys
2026-03-23 03:24:31.907: [INFO][SyncManagerImpl::ConfigureSyncer] Types to download: Preferences, Passwords, Device Info, Send Tab To Self, Edge E Drop, Encryption Keys with reason: 5
2026-03-23 03:24:31.907: [INFO][SyncSchedulerImpl::DoConfigurationSyncCycleJob] Blocked types:  and types to download: Preferences, Passwords, Device Info, Send Tab To Self, Edge E Drop, Encryption Keys
2026-03-23 03:24:32.259: [INFO][SyncEngineBackend::DoFinishConfigureDataTypes] Failed to download types:  and succeeded types: Preferences, Passwords, Device Info, Send Tab To Self, Edge E Drop, Encryption Keys
2026-03-23 03:24:32.260: [INFO][Sync] ConfigurationDone, failed: , succeeded: Preferences, Passwords, Device Info, Send Tab To Self, Edge E Drop, Encryption Keys, remaining count: 3
2026-03-23 03:24:32.260: [INFO][Sync] Prepare to configure types: Bookmarks, Encryption Keys
2026-03-23 03:24:32.260: [INFO][SyncManagerImpl::ConfigureSyncer] Types to download: Bookmarks, Encryption Keys with reason: 5
2026-03-23 03:24:32.260: [INFO][SyncSchedulerImpl::DoConfigurationSyncCycleJob] Blocked types:  and types to download: Bookmarks, Encryption Keys
2026-03-23 03:24:32.565: [INFO][SyncEngineBackend::DoFinishConfigureDataTypes] Failed to download types:  and succeeded types: Bookmarks, Encryption Keys
2026-03-23 03:24:32.566: [INFO][Sync] ConfigurationDone, failed: , succeeded: Bookmarks, Encryption Keys, remaining count: 2
2026-03-23 03:24:32.566: [INFO][Sync] Prepare to configure types: Autofill Profiles, Autofill, Extensions, Sessions, Extension settings, History Delete Directives, Web Apps, Saved Tab Group, WebAuthn Credentials, Collection, Edge Hub App Usage, Edge Wallet, Edge Workspace, Encryption Keys
2026-03-23 03:24:32.566: [INFO][SyncManagerImpl::ConfigureSyncer] Types to download: Autofill Profiles, Autofill, Extensions, Sessions, Extension settings, History Delete Directives, Web Apps, Saved Tab Group, WebAuthn Credentials, Collection, Edge Hub App Usage, Edge Wallet, Edge Workspace, Encryption Keys with reason: 5
2026-03-23 03:24:32.566: [INFO][SyncSchedulerImpl::DoConfigurationSyncCycleJob] Blocked types:  and types to download: Autofill Profiles, Autofill, Extensions, Sessions, Extension settings, History Delete Directives, Web Apps, Saved Tab Group, WebAuthn Credentials, Collection, Edge Hub App Usage, Edge Wallet, Edge Workspace, Encryption Keys
2026-03-23 03:24:32.878: [INFO][SyncEngineBackend::DoFinishConfigureDataTypes] Failed to download types:  and succeeded types: Autofill Profiles, Autofill, Extensions, Sessions, Extension settings, History Delete Directives, Web Apps, Saved Tab Group, WebAuthn Credentials, Collection, Edge Hub App Usage, Edge Wallet, Edge Workspace, Encryption Keys
2026-03-23 03:24:32.880: [INFO][Sync] ConfigurationDone, failed: , succeeded: Autofill Profiles, Autofill, Extensions, Sessions, Extension settings, History Delete Directives, Web Apps, Saved Tab Group, WebAuthn Credentials, Collection, Edge Hub App Usage, Edge Wallet, Edge Workspace, Encryption Keys, remaining count: 1
2026-03-23 03:24:32.881: [INFO][Sync] Prepare to configure types: History, Encryption Keys
2026-03-23 03:24:32.881: [INFO][SyncManagerImpl::ConfigureSyncer] Types to download: History, Encryption Keys with reason: 5
2026-03-23 03:24:32.881: [INFO][SyncSchedulerImpl::DoConfigurationSyncCycleJob] Blocked types:  and types to download: History, Encryption Keys
2026-03-23 03:24:33.215: [INFO][SyncEngineBackend::DoFinishConfigureDataTypes] Failed to download types:  and succeeded types: History, Encryption Keys
2026-03-23 03:24:33.217: [INFO][Sync] ConfigurationDone, failed: , succeeded: History, Encryption Keys, remaining count: 0
2026-03-23 03:24:33.218: [INFO][Sync]     Configuration completed, state: 7
2026-03-23 03:24:33.218: [INFO][Sync] Configured DataTypeManager: Ok
2026-03-23 03:24:33.220: [INFO][SyncEngineBackend::DoStartSyncing] Start syncing
2026-03-23 03:27:54.163: [INFO][Sync] Reset engine, reason: 0
2026-03-23 03:27:54.163: [INFO][Sync] Reset engine with reason: 0
2026-03-23 04:26:36.107: [INFO][Sync] SyncState after authenticated was: FeatureCanStart
2026-03-23 04:26:37.352: [INFO][SyncAuthManager::SetLastAuthError] Current auth error: None
2026-03-23 04:26:37.352: [INFO][SyncAuthManager::EdgeLogTokenErrorState] Token error with: None for account type: MSA
2026-03-23 04:26:37.352: [INFO][Sync] Credentials changed for: EdgeSyncKeyDataScope
2026-03-23 04:26:43.021: [INFO][Sync] Try to start sync engine
2026-03-23 04:26:43.022: [INFO][SyncManagerImpl::NudgeForInitialDownload] Initial download nudge for Encryption Keys
2026-03-23 04:26:43.022: [INFO][SyncEngineBackend::LoadAndConnectNigoriController] Load and connect Nigori controller
2026-03-23 04:26:43.022: [INFO][SyncEngineBackend::DoInitialize] Control Types added: Encryption Keys
2026-03-23 04:26:43.022: [INFO][SyncManagerImpl::ConfigureSyncer] Types to download: Encryption Keys with reason: 3
2026-03-23 04:26:43.022: [INFO][SyncEngineBackend::DoUpdateKeyDataCredentials] Update key data credentials
2026-03-23 04:26:43.022: [INFO][SyncSchedulerImpl::DoConfigurationSyncCycleJob] Configure job was blocked
2026-03-23 04:26:43.031: [INFO][SyncAuthManager::SetLastAuthError] Current auth error: None
2026-03-23 04:26:43.031: [INFO][SyncAuthManager::EdgeLogTokenErrorState] Token error with: None for account type: MSA
2026-03-23 04:26:43.031: [INFO][Sync] Credentials changed for: EdgeSyncScopeNew
2026-03-23 04:26:43.031: [INFO][SyncEngineBackend::DoUpdateCredentials] Update credentials
2026-03-23 04:26:43.031: [INFO][SyncEngineBackend::DoUpdateKeyDataCredentials] Update key data credentials
2026-03-23 04:26:43.031: [INFO][SyncSchedulerImpl::DoConfigurationSyncCycleJob] Blocked types:  and types to download: Encryption Keys
2026-03-23 04:26:43.604: [INFO][Sync] Started DataTypeManager configuration, reason: 4
2026-03-23 04:26:43.604: [INFO][Sync] Configuring for: Bookmarks, Preferences, Passwords, Autofill Profiles, Autofill, Extensions, Sessions, Extension settings, History Delete Directives, Device Info, User Consents, Send Tab To Self, Web Apps, History, Saved Tab Group, WebAuthn Credentials, Collection, Edge E Drop, Edge Hub App Usage, Edge Wallet, Edge Workspace, Encryption Keys, reason: 4, current state: 0
2026-03-23 04:26:43.604: [WARN][Sync] Crypto error data types: Passwords, Autofill Profiles, Autofill
2026-03-23 04:26:43.606: [INFO][Sync] Configure, desired: Bookmarks, Preferences, Extensions, Sessions, Extension settings, History Delete Directives, Device Info, User Consents, Send Tab To Self, Web Apps, History, Saved Tab Group, WebAuthn Credentials, Collection, Edge E Drop, Edge Hub App Usage, Edge Wallet, Edge Workspace, Encryption Keys; Allow fail: Passwords, Autofill Profiles, Autofill
2026-03-23 04:26:43.607: [INFO][Sync] Loading: Bookmarks
2026-03-23 04:26:43.607: [INFO][Sync] Loading: Preferences
2026-03-23 04:26:43.607: [INFO][Sync] Loading: Extensions
2026-03-23 04:26:43.607: [INFO][Sync] Loading: Sessions
2026-03-23 04:26:43.607: [INFO][Sync] Loading: Extension settings
2026-03-23 04:26:43.607: [INFO][Sync] Loading: History Delete Directives
2026-03-23 04:26:43.607: [INFO][Sync] Loading: Device Info
2026-03-23 04:26:43.607: [INFO][Sync] Loading: User Consents
2026-03-23 04:26:43.607: [INFO][Sync] Loading: Send Tab To Self
2026-03-23 04:26:43.607: [INFO][Sync] Loading: Web Apps
2026-03-23 04:26:43.607: [INFO][Sync] Loading: History
2026-03-23 04:26:43.607: [INFO][Sync] Loading: Saved Tab Group
2026-03-23 04:26:43.607: [INFO][Sync] Loading: WebAuthn Credentials
2026-03-23 04:26:43.607: [INFO][Sync] Loading: Collection
2026-03-23 04:26:43.607: [INFO][Sync] Loading: Edge E Drop
2026-03-23 04:26:43.607: [INFO][Sync] Loading: Edge Hub App Usage
2026-03-23 04:26:43.607: [INFO][Sync] Loading: Edge Wallet
2026-03-23 04:26:43.607: [INFO][Sync] Loading: Edge Workspace
2026-03-23 04:26:43.618: [INFO][Sync] All data types are ready for configure.
2026-03-23 04:26:44.128: [INFO][Sync] Started DataTypeManager configuration, reason: 5
2026-03-23 04:26:44.128: [INFO][Sync] Configuring for: Bookmarks, Preferences, Passwords, Autofill Profiles, Autofill, Extensions, Sessions, Extension settings, History Delete Directives, Device Info, User Consents, Send Tab To Self, Web Apps, History, Saved Tab Group, WebAuthn Credentials, Collection, Edge E Drop, Edge Hub App Usage, Edge Wallet, Edge Workspace, Encryption Keys, reason: 5, current state: 1
2026-03-23 04:26:44.132: [INFO][SyncEngineBackend::DoStartConfiguration] Start configuration
2026-03-23 04:26:44.132: [INFO][SyncManagerImpl::ConfigureSyncer] Types to download:  with reason: 4
2026-03-23 04:26:44.132: [INFO][SyncEngineBackend::DoFinishConfigureDataTypes] Failed to download types:  and succeeded types: 
2026-03-23 04:26:44.132: [INFO][Sync] ConfigurationDone, failed: , succeeded: , remaining count: 4
2026-03-23 04:26:44.132: [WARN][Sync]     Reconfigure requested while configuration ongoing.
2026-03-23 04:26:44.132: [INFO][Sync] Configuring for: Bookmarks, Preferences, Passwords, Autofill Profiles, Autofill, Extensions, Sessions, Extension settings, History Delete Directives, Device Info, User Consents, Send Tab To Self, Web Apps, History, Saved Tab Group, WebAuthn Credentials, Collection, Edge E Drop, Edge Hub App Usage, Edge Wallet, Edge Workspace, Encryption Keys, reason: 5, current state: 2
2026-03-23 04:26:44.132: [INFO][Sync] Configure, desired: Bookmarks, Preferences, Passwords, Autofill Profiles, Autofill, Extensions, Sessions, Extension settings, History Delete Directives, Device Info, User Consents, Send Tab To Self, Web Apps, History, Saved Tab Group, WebAuthn Credentials, Collection, Edge E Drop, Edge Hub App Usage, Edge Wallet, Edge Workspace, Encryption Keys; Allow fail: 
2026-03-23 04:26:44.132: [INFO][Sync] Loading: Passwords
2026-03-23 04:26:44.133: [INFO][Sync] Loading: Autofill Profiles
2026-03-23 04:26:44.133: [INFO][Sync] Loading: Autofill
2026-03-23 04:26:44.138: [INFO][Sync] All data types are ready for configure.
2026-03-23 04:26:44.138: [INFO][SyncManagerImpl::ConfigureSyncer] Types to download:  with reason: 5
2026-03-23 04:26:44.138: [INFO][SyncEngineBackend::DoFinishConfigureDataTypes] Failed to download types:  and succeeded types: 
2026-03-23 04:26:44.139: [INFO][Sync] ConfigurationDone, failed: , succeeded: , remaining count: 4
2026-03-23 04:26:44.139: [INFO][SyncManagerImpl::ConfigureSyncer] Types to download:  with reason: 5
2026-03-23 04:26:44.139: [INFO][SyncEngineBackend::DoFinishConfigureDataTypes] Failed to download types:  and succeeded types: 
2026-03-23 04:26:44.139: [INFO][Sync] ConfigurationDone, failed: , succeeded: , remaining count: 3
2026-03-23 04:26:44.139: [INFO][SyncManagerImpl::ConfigureSyncer] Types to download:  with reason: 5
2026-03-23 04:26:44.139: [INFO][SyncEngineBackend::DoFinishConfigureDataTypes] Failed to download types:  and succeeded types: 
2026-03-23 04:26:44.139: [INFO][Sync] ConfigurationDone, failed: , succeeded: , remaining count: 2
2026-03-23 04:26:44.139: [INFO][SyncManagerImpl::ConfigureSyncer] Types to download:  with reason: 5
2026-03-23 04:26:44.139: [INFO][SyncEngineBackend::DoFinishConfigureDataTypes] Failed to download types:  and succeeded types: 
2026-03-23 04:26:44.139: [INFO][Sync] ConfigurationDone, failed: , succeeded: , remaining count: 1
2026-03-23 04:26:44.142: [INFO][SyncManagerImpl::ConfigureSyncer] Types to download:  with reason: 5
2026-03-23 04:26:44.142: [INFO][SyncEngineBackend::DoFinishConfigureDataTypes] Failed to download types:  and succeeded types: 
2026-03-23 04:26:44.148: [INFO][Sync] ConfigurationDone, failed: , succeeded: , remaining count: 0
2026-03-23 04:26:44.153: [INFO][Sync]     Configuration completed, state: 7
2026-03-23 04:26:44.154: [INFO][Sync] Configured DataTypeManager: Ok
2026-03-23 04:26:44.156: [INFO][SyncEngineBackend::DoStartSyncing] Start syncing
2026-03-23 04:31:11.276: [INFO][Sync] Reset engine, reason: 0
2026-03-23 04:31:11.276: [INFO][Sync] Reset engine with reason: 0
2026-03-23 04:37:54.495: [INFO][Sync] Reset engine, reason: 8
2026-03-23 04:37:54.495: [INFO][Sync] Stopped: Bookmarks
2026-03-23 04:37:54.495: [INFO][Sync] Stopped: Preferences
2026-03-23 04:37:54.496: [INFO][Sync] Stopped: Passwords
2026-03-23 04:37:54.496: [INFO][Sync] Stopped: Autofill Profiles
2026-03-23 04:37:54.496: [INFO][Sync] Stopped: Autofill
2026-03-23 04:37:54.496: [INFO][Sync] Stopped: Extensions
2026-03-23 04:37:54.496: [INFO][Sync] Stopped: Sessions
2026-03-23 04:37:54.496: [INFO][Sync] Stopped: Extension settings
2026-03-23 04:37:54.496: [INFO][Sync] Stopped: History Delete Directives
2026-03-23 04:37:54.496: [INFO][Sync] Stopped: Device Info
2026-03-23 04:37:54.496: [INFO][Sync] Stopped: User Consents
2026-03-23 04:37:54.496: [INFO][Sync] Stopped: Send Tab To Self
2026-03-23 04:37:54.496: [INFO][Sync] Stopped: Web Apps
2026-03-23 04:37:54.496: [INFO][Sync] Stopped: History
2026-03-23 04:37:54.496: [INFO][Sync] Stopped: Saved Tab Group
2026-03-23 04:37:54.496: [INFO][Sync] Stopped: WebAuthn Credentials
2026-03-23 04:37:54.496: [INFO][Sync] Stopped: Collection
2026-03-23 04:37:54.496: [INFO][Sync] Stopped: Edge E Drop
2026-03-23 04:37:54.496: [INFO][Sync] Stopped: Edge Hub App Usage
2026-03-23 04:37:54.496: [INFO][Sync] Stopped: Edge Wallet
2026-03-23 04:37:54.496: [INFO][Sync] Stopped: Edge Workspace
2026-03-23 04:37:54.496: [INFO][Sync] SyncState after authenticated was: NotSignedIn
2026-03-23 04:37:54.699: [INFO][Sync] Reset engine, reason: 8
2026-03-23 04:37:54.699: [INFO][Sync] Stopped: Bookmarks
2026-03-23 04:37:54.699: [INFO][Sync] Stopped: Preferences
2026-03-23 04:37:54.699: [INFO][Sync] Stopped: Passwords
2026-03-23 04:37:54.699: [INFO][Sync] Stopped: Autofill Profiles
2026-03-23 04:37:54.699: [INFO][Sync] Stopped: Autofill
2026-03-23 04:37:54.699: [INFO][Sync] Stopped: Extensions
2026-03-23 04:37:54.699: [INFO][Sync] Stopped: Sessions
2026-03-23 04:37:54.699: [INFO][Sync] Stopped: Extension settings
2026-03-23 04:37:54.699: [INFO][Sync] Stopped: History Delete Directives
2026-03-23 04:37:54.699: [INFO][Sync] Stopped: Device Info
2026-03-23 04:37:54.699: [INFO][Sync] Stopped: User Consents
2026-03-23 04:37:54.699: [INFO][Sync] Stopped: Send Tab To Self
2026-03-23 04:37:54.699: [INFO][Sync] Stopped: Web Apps
2026-03-23 04:37:54.699: [INFO][Sync] Stopped: History
2026-03-23 04:37:54.699: [INFO][Sync] Stopped: Saved Tab Group
2026-03-23 04:37:54.699: [INFO][Sync] Stopped: WebAuthn Credentials
2026-03-23 04:37:54.699: [INFO][Sync] Stopped: Collection
2026-03-23 04:37:54.699: [INFO][Sync] Stopped: Edge E Drop
2026-03-23 04:37:54.699: [INFO][Sync] Stopped: Edge Hub App Usage
2026-03-23 04:37:54.699: [INFO][Sync] Stopped: Edge Wallet
2026-03-23 04:37:54.699: [INFO][Sync] Stopped: Edge Workspace
2026-03-23 04:37:56.486: [INFO][Sync] Try to start sync engine
2026-03-23 04:37:56.487: [INFO][SyncManagerImpl::NudgeForInitialDownload] Initial download nudge for Encryption Keys
2026-03-23 04:37:56.487: [INFO][SyncEngineBackend::LoadAndConnectNigoriController] Load and connect Nigori controller
2026-03-23 04:37:56.487: [INFO][SyncEngineBackend::DoInitialize] Control Types added: Encryption Keys
2026-03-23 04:37:56.487: [INFO][SyncManagerImpl::ConfigureSyncer] Types to download: Encryption Keys with reason: 3
2026-03-23 04:37:56.487: [INFO][SyncSchedulerImpl::DoConfigurationSyncCycleJob] Configure job was blocked
2026-03-23 04:37:56.506: [INFO][SyncAuthManager::SetLastAuthError] Current auth error: None
2026-03-23 04:37:56.506: [INFO][SyncAuthManager::EdgeLogTokenErrorState] Token error with: None for account type: MSA
2026-03-23 04:37:56.506: [INFO][Sync] Credentials changed for: EdgeSyncScopeNew
2026-03-23 04:37:57.173: [INFO][SyncAuthManager::SetLastAuthError] Current auth error: None
2026-03-23 04:37:57.173: [INFO][SyncAuthManager::EdgeLogTokenErrorState] Token error with: None for account type: MSA
2026-03-23 04:37:57.173: [INFO][Sync] Credentials changed for: EdgeSyncKeyDataScope
2026-03-23 04:37:57.173: [INFO][SyncEngineBackend::DoUpdateKeyDataCredentials] Update key data credentials
2026-03-23 04:37:57.173: [INFO][SyncEngineBackend::DoUpdateCredentials] Update credentials
2026-03-23 04:37:57.173: [INFO][SyncSchedulerImpl::DoConfigurationSyncCycleJob] Blocked types:  and types to download: Encryption Keys
2026-03-23 04:37:58.045: [INFO][Sync] Started DataTypeManager configuration, reason: 4
2026-03-23 04:37:58.045: [INFO][Sync] Configuring for: Bookmarks, Preferences, Passwords, Autofill Profiles, Autofill, Extensions, Sessions, Extension settings, History Delete Directives, Device Info, User Consents, Send Tab To Self, Web Apps, History, Saved Tab Group, WebAuthn Credentials, Collection, Edge E Drop, Edge Hub App Usage, Edge Wallet, Edge Workspace, Encryption Keys, reason: 4, current state: 0
2026-03-23 04:37:58.045: [WARN][Sync] Crypto error data types: Passwords, Autofill Profiles, Autofill
2026-03-23 04:37:58.046: [INFO][Sync] Configure, desired: Bookmarks, Preferences, Extensions, Sessions, Extension settings, History Delete Directives, Device Info, User Consents, Send Tab To Self, Web Apps, History, Saved Tab Group, WebAuthn Credentials, Collection, Edge E Drop, Edge Hub App Usage, Edge Wallet, Edge Workspace, Encryption Keys; Allow fail: Passwords, Autofill Profiles, Autofill
2026-03-23 04:37:58.046: [INFO][Sync] Loading: Bookmarks
2026-03-23 04:37:58.046: [INFO][Sync] Loading: Preferences
2026-03-23 04:37:58.046: [INFO][Sync] Loading: Extensions
2026-03-23 04:37:58.046: [INFO][Sync] Loading: Sessions
2026-03-23 04:37:58.046: [INFO][Sync] Loading: Extension settings
2026-03-23 04:37:58.046: [INFO][Sync] Loading: History Delete Directives
2026-03-23 04:37:58.046: [INFO][Sync] Loading: Device Info
2026-03-23 04:37:58.046: [INFO][Sync] Loading: User Consents
2026-03-23 04:37:58.046: [INFO][Sync] Loading: Send Tab To Self
2026-03-23 04:37:58.046: [INFO][Sync] Loading: Web Apps
2026-03-23 04:37:58.046: [INFO][Sync] Loading: History
2026-03-23 04:37:58.046: [INFO][Sync] Loading: Saved Tab Group
2026-03-23 04:37:58.046: [INFO][Sync] Loading: WebAuthn Credentials
2026-03-23 04:37:58.046: [INFO][Sync] Loading: Collection
2026-03-23 04:37:58.046: [INFO][Sync] Loading: Edge E Drop
2026-03-23 04:37:58.046: [INFO][Sync] Loading: Edge Hub App Usage
2026-03-23 04:37:58.047: [INFO][Sync] Loading: Edge Wallet
2026-03-23 04:37:58.047: [INFO][Sync] Loading: Edge Workspace
2026-03-23 04:37:58.050: [INFO][Sync] All data types are ready for configure.
2026-03-23 04:37:58.491: [INFO][Sync] Started DataTypeManager configuration, reason: 5
2026-03-23 04:37:58.491: [INFO][Sync] Configuring for: Bookmarks, Preferences, Passwords, Autofill Profiles, Autofill, Extensions, Sessions, Extension settings, History Delete Directives, Device Info, User Consents, Send Tab To Self, Web Apps, History, Saved Tab Group, WebAuthn Credentials, Collection, Edge E Drop, Edge Hub App Usage, Edge Wallet, Edge Workspace, Encryption Keys, reason: 5, current state: 1
2026-03-23 04:37:58.495: [INFO][SyncEngineBackend::DoStartConfiguration] Start configuration
2026-03-23 04:37:58.495: [INFO][SyncManagerImpl::NudgeForInitialDownload] Initial download nudge for Bookmarks
2026-03-23 04:37:58.495: [INFO][SyncManagerImpl::NudgeForInitialDownload] Initial download nudge for Preferences
2026-03-23 04:37:58.495: [INFO][SyncManagerImpl::NudgeForInitialDownload] Initial download nudge for Extensions
2026-03-23 04:37:58.495: [INFO][SyncManagerImpl::NudgeForInitialDownload] Initial download nudge for Sessions
2026-03-23 04:37:58.495: [INFO][SyncManagerImpl::NudgeForInitialDownload] Initial download nudge for Extension settings
2026-03-23 04:37:58.495: [INFO][SyncManagerImpl::NudgeForInitialDownload] Initial download nudge for History Delete Directives
2026-03-23 04:37:58.495: [INFO][SyncManagerImpl::NudgeForInitialDownload] Initial download nudge for Device Info
2026-03-23 04:37:58.495: [INFO][SyncManagerImpl::NudgeForInitialDownload] Initial download nudge for Send Tab To Self
2026-03-23 04:37:58.495: [INFO][SyncManagerImpl::NudgeForInitialDownload] Initial download nudge for Web Apps
2026-03-23 04:37:58.495: [INFO][SyncManagerImpl::NudgeForInitialDownload] Initial download nudge for History
2026-03-23 04:37:58.495: [INFO][SyncManagerImpl::NudgeForInitialDownload] Initial download nudge for Saved Tab Group
2026-03-23 04:37:58.495: [INFO][SyncManagerImpl::NudgeForInitialDownload] Initial download nudge for WebAuthn Credentials
2026-03-23 04:37:58.495: [INFO][SyncManagerImpl::NudgeForInitialDownload] Initial download nudge for Collection
2026-03-23 04:37:58.495: [INFO][SyncManagerImpl::NudgeForInitialDownload] Initial download nudge for Edge E Drop
2026-03-23 04:37:58.495: [INFO][SyncManagerImpl::NudgeForInitialDownload] Initial download nudge for Edge Hub App Usage
2026-03-23 04:37:58.495: [INFO][SyncManagerImpl::NudgeForInitialDownload] Initial download nudge for Edge Wallet
2026-03-23 04:37:58.495: [INFO][SyncManagerImpl::NudgeForInitialDownload] Initial download nudge for Edge Workspace
2026-03-23 04:37:58.495: [INFO][SyncManagerImpl::ConfigureSyncer] Types to download:  with reason: 4
2026-03-23 04:37:58.495: [INFO][SyncEngineBackend::DoFinishConfigureDataTypes] Failed to download types:  and succeeded types: 
2026-03-23 04:37:58.499: [INFO][Sync] ConfigurationDone, failed: , succeeded: , remaining count: 4
2026-03-23 04:37:58.499: [WARN][Sync]     Reconfigure requested while configuration ongoing.
2026-03-23 04:37:58.499: [INFO][Sync] Configuring for: Bookmarks, Preferences, Passwords, Autofill Profiles, Autofill, Extensions, Sessions, Extension settings, History Delete Directives, Device Info, User Consents, Send Tab To Self, Web Apps, History, Saved Tab Group, WebAuthn Credentials, Collection, Edge E Drop, Edge Hub App Usage, Edge Wallet, Edge Workspace, Encryption Keys, reason: 5, current state: 2
2026-03-23 04:37:58.499: [INFO][Sync] Configure, desired: Bookmarks, Preferences, Passwords, Autofill Profiles, Autofill, Extensions, Sessions, Extension settings, History Delete Directives, Device Info, User Consents, Send Tab To Self, Web Apps, History, Saved Tab Group, WebAuthn Credentials, Collection, Edge E Drop, Edge Hub App Usage, Edge Wallet, Edge Workspace, Encryption Keys; Allow fail: 
2026-03-23 04:37:58.499: [INFO][Sync] Loading: Passwords
2026-03-23 04:37:58.499: [INFO][Sync] Loading: Autofill Profiles
2026-03-23 04:37:58.499: [INFO][Sync] Loading: Autofill
2026-03-23 04:37:58.499: [INFO][Sync] All data types are ready for configure.
2026-03-23 04:37:58.499: [INFO][SyncManagerImpl::NudgeForInitialDownload] Initial download nudge for Passwords
2026-03-23 04:37:58.499: [INFO][SyncManagerImpl::NudgeForInitialDownload] Initial download nudge for Autofill Profiles
2026-03-23 04:37:58.499: [INFO][SyncManagerImpl::NudgeForInitialDownload] Initial download nudge for Autofill
2026-03-23 04:37:58.499: [INFO][SyncManagerImpl::ConfigureSyncer] Types to download:  with reason: 5
2026-03-23 04:37:58.499: [INFO][SyncEngineBackend::DoFinishConfigureDataTypes] Failed to download types:  and succeeded types: 
2026-03-23 04:37:58.500: [INFO][Sync] ConfigurationDone, failed: , succeeded: , remaining count: 4
2026-03-23 04:37:58.500: [INFO][Sync] Prepare to configure types: Preferences, Passwords, Device Info, Send Tab To Self, Edge E Drop, Encryption Keys
2026-03-23 04:37:58.500: [INFO][SyncManagerImpl::ConfigureSyncer] Types to download: Preferences, Passwords, Device Info, Send Tab To Self, Edge E Drop, Encryption Keys with reason: 5
2026-03-23 04:37:58.500: [INFO][SyncSchedulerImpl::DoConfigurationSyncCycleJob] Blocked types:  and types to download: Preferences, Passwords, Device Info, Send Tab To Self, Edge E Drop, Encryption Keys
2026-03-23 04:37:58.890: [INFO][SyncEngineBackend::DoFinishConfigureDataTypes] Failed to download types:  and succeeded types: Preferences, Passwords, Device Info, Send Tab To Self, Edge E Drop, Encryption Keys
2026-03-23 04:37:58.892: [INFO][Sync] ConfigurationDone, failed: , succeeded: Preferences, Passwords, Device Info, Send Tab To Self, Edge E Drop, Encryption Keys, remaining count: 3
2026-03-23 04:37:58.892: [INFO][Sync] Prepare to configure types: Bookmarks, Encryption Keys
2026-03-23 04:37:58.892: [INFO][SyncManagerImpl::ConfigureSyncer] Types to download: Bookmarks, Encryption Keys with reason: 5
2026-03-23 04:37:58.892: [INFO][SyncSchedulerImpl::DoConfigurationSyncCycleJob] Blocked types:  and types to download: Bookmarks, Encryption Keys
2026-03-23 04:37:59.201: [INFO][SyncEngineBackend::DoFinishConfigureDataTypes] Failed to download types:  and succeeded types: Bookmarks, Encryption Keys
2026-03-23 04:37:59.203: [INFO][Sync] ConfigurationDone, failed: , succeeded: Bookmarks, Encryption Keys, remaining count: 2
2026-03-23 04:37:59.203: [INFO][Sync] Prepare to configure types: Autofill Profiles, Autofill, Extensions, Sessions, Extension settings, History Delete Directives, Web Apps, Saved Tab Group, WebAuthn Credentials, Collection, Edge Hub App Usage, Edge Wallet, Edge Workspace, Encryption Keys
2026-03-23 04:37:59.203: [INFO][SyncManagerImpl::ConfigureSyncer] Types to download: Autofill Profiles, Autofill, Extensions, Sessions, Extension settings, History Delete Directives, Web Apps, Saved Tab Group, WebAuthn Credentials, Collection, Edge Hub App Usage, Edge Wallet, Edge Workspace, Encryption Keys with reason: 5
2026-03-23 04:37:59.203: [INFO][SyncSchedulerImpl::DoConfigurationSyncCycleJob] Blocked types:  and types to download: Autofill Profiles, Autofill, Extensions, Sessions, Extension settings, History Delete Directives, Web Apps, Saved Tab Group, WebAuthn Credentials, Collection, Edge Hub App Usage, Edge Wallet, Edge Workspace, Encryption Keys
2026-03-23 04:37:59.527: [INFO][SyncEngineBackend::DoFinishConfigureDataTypes] Failed to download types:  and succeeded types: Autofill Profiles, Autofill, Extensions, Sessions, Extension settings, History Delete Directives, Web Apps, Saved Tab Group, WebAuthn Credentials, Collection, Edge Hub App Usage, Edge Wallet, Edge Workspace, Encryption Keys
2026-03-23 04:37:59.529: [INFO][Sync] ConfigurationDone, failed: , succeeded: Autofill Profiles, Autofill, Extensions, Sessions, Extension settings, History Delete Directives, Web Apps, Saved Tab Group, WebAuthn Credentials, Collection, Edge Hub App Usage, Edge Wallet, Edge Workspace, Encryption Keys, remaining count: 1
2026-03-23 04:37:59.531: [INFO][Sync] Prepare to configure types: History, Encryption Keys
2026-03-23 04:37:59.531: [INFO][SyncManagerImpl::ConfigureSyncer] Types to download: History, Encryption Keys with reason: 5
2026-03-23 04:37:59.531: [INFO][SyncSchedulerImpl::DoConfigurationSyncCycleJob] Blocked types:  and types to download: History, Encryption Keys
2026-03-23 04:37:59.881: [INFO][SyncEngineBackend::DoFinishConfigureDataTypes] Failed to download types:  and succeeded types: History, Encryption Keys
2026-03-23 04:37:59.882: [INFO][Sync] ConfigurationDone, failed: , succeeded: History, Encryption Keys, remaining count: 0
2026-03-23 04:37:59.884: [INFO][Sync]     Configuration completed, state: 7
2026-03-23 04:37:59.884: [INFO][Sync] Configured DataTypeManager: Ok
2026-03-23 04:37:59.886: [INFO][SyncEngineBackend::DoStartSyncing] Start syncing
2026-03-23 04:40:34.170: [INFO][Sync] Reset engine, reason: 0
2026-03-23 04:40:34.170: [INFO][Sync] Reset engine with reason: 0
